Component: ARM Compiler 5.06 update 5 (build 528) Tool: armlink [4d35e2]

==============================================================================

Section Cross References

    startup.o(RESET) refers to startup.o(STACK) for StackMem
    startup.o(RESET) refers to uart.o(i.UART0_Handler) for UART0_Handler
    startup.o(RESET) refers to adc.o(i.ADC0Seq3_Handler) for ADC0Seq3_Handler
    startup.o(RESET) refers to os.o(i.Timer0A_Handler) for Timer0A_Handler
    startup.o(RESET) refers to timer2.o(i.Timer2A_Handler) for Timer2A_Handler
    startup.o(RESET) refers to entry.o(.ARM.Collect$$$$00000000) for __main
    adctestmain.o(i.heartbeatInit) refers to adctestmain.o(i.blink) for blink
    adctestmain.o(i.main) refers to pll.o(i.PLL_Init) for PLL_Init
    adctestmain.o(i.main) refers to adc.o(i.ADC_Open) for ADC_Open
    adctestmain.o(i.main) refers to uart.o(i.UART_Init) for UART_Init
    adctestmain.o(i.main) refers to adctestmain.o(i.heartbeatInit) for heartbeatInit
    adctestmain.o(i.main) refers to startup.o(.text) for EnableInterrupts
    adctestmain.o(i.main) refers to st7735.o(i.ST7735_InitR) for ST7735_InitR
    adctestmain.o(i.main) refers to st7735.o(i.ST7735_FillScreen) for ST7735_FillScreen
    adctestmain.o(i.main) refers to st7735.o(i.ST7735_DivideScreen) for ST7735_DivideScreen
    adctestmain.o(i.main) refers to os.o(i.OS_AddPeriodicThread) for OS_AddPeriodicThread
    adctestmain.o(i.main) refers to uart.o(i.UART_OutString) for UART_OutString
    adctestmain.o(i.main) refers to uart.o(i.UART_InString) for UART_InString
    adctestmain.o(i.main) refers to adctestmain.o(i.strcmp) for strcmp
    adctestmain.o(i.main) refers to adctestmain.o(i.blink) for blink
    st7735.o(i.Output_Clear) refers to st7735.o(i.ST7735_FillScreen) for ST7735_FillScreen
    st7735.o(i.Output_Color) refers to st7735.o(i.ST7735_SetTextColor) for ST7735_SetTextColor
    st7735.o(i.Output_Init) refers to st7735.o(i.ST7735_InitR) for ST7735_InitR
    st7735.o(i.Output_Init) refers to st7735.o(i.ST7735_FillScreen) for ST7735_FillScreen
    st7735.o(i.Output_Off) refers to st7735.o(i.Output_Clear) for Output_Clear
    st7735.o(i.Output_On) refers to st7735.o(i.Output_Init) for Output_Init
    st7735.o(i.ST7735_DivideScreen) refers to st7735.o(i.ST7735_DrawFastHLine) for ST7735_DrawFastHLine
    st7735.o(i.ST7735_DrawBitmap) refers to st7735.o(i.setAddrWindow) for setAddrWindow
    st7735.o(i.ST7735_DrawBitmap) refers to st7735.o(i.writedata) for writedata
    st7735.o(i.ST7735_DrawBitmap) refers to st7735.o(.data) for _width
    st7735.o(i.ST7735_DrawChar) refers to st7735.o(i.setAddrWindow) for setAddrWindow
    st7735.o(i.ST7735_DrawChar) refers to st7735.o(i.pushColor) for pushColor
    st7735.o(i.ST7735_DrawChar) refers to st7735.o(.data) for _width
    st7735.o(i.ST7735_DrawChar) refers to st7735.o(.constdata) for Font
    st7735.o(i.ST7735_DrawCharS) refers to st7735.o(i.ST7735_DrawPixel) for ST7735_DrawPixel
    st7735.o(i.ST7735_DrawCharS) refers to st7735.o(i.ST7735_FillRect) for ST7735_FillRect
    st7735.o(i.ST7735_DrawCharS) refers to st7735.o(.data) for _width
    st7735.o(i.ST7735_DrawCharS) refers to st7735.o(.constdata) for Font
    st7735.o(i.ST7735_DrawFastHLine) refers to st7735.o(i.setAddrWindow) for setAddrWindow
    st7735.o(i.ST7735_DrawFastHLine) refers to st7735.o(i.writedata) for writedata
    st7735.o(i.ST7735_DrawFastHLine) refers to st7735.o(.data) for _width
    st7735.o(i.ST7735_DrawFastVLine) refers to st7735.o(i.setAddrWindow) for setAddrWindow
    st7735.o(i.ST7735_DrawFastVLine) refers to st7735.o(i.writedata) for writedata
    st7735.o(i.ST7735_DrawFastVLine) refers to st7735.o(.data) for _width
    st7735.o(i.ST7735_DrawPixel) refers to st7735.o(i.setAddrWindow) for setAddrWindow
    st7735.o(i.ST7735_DrawPixel) refers to st7735.o(i.pushColor) for pushColor
    st7735.o(i.ST7735_DrawPixel) refers to st7735.o(.data) for _width
    st7735.o(i.ST7735_DrawString) refers to st7735.o(i.ST7735_DrawCharS) for ST7735_DrawCharS
    st7735.o(i.ST7735_FillRect) refers to st7735.o(i.setAddrWindow) for setAddrWindow
    st7735.o(i.ST7735_FillRect) refers to st7735.o(i.writedata) for writedata
    st7735.o(i.ST7735_FillRect) refers to st7735.o(.data) for _width
    st7735.o(i.ST7735_FillScreen) refers to st7735.o(i.ST7735_FillRect) for ST7735_FillRect
    st7735.o(i.ST7735_FillScreen) refers to st7735.o(.data) for _height
    st7735.o(i.ST7735_InitB) refers to st7735.o(i.commonInit) for commonInit
    st7735.o(i.ST7735_InitB) refers to st7735.o(i.ST7735_SetCursor) for ST7735_SetCursor
    st7735.o(i.ST7735_InitB) refers to st7735.o(i.ST7735_FillScreen) for ST7735_FillScreen
    st7735.o(i.ST7735_InitB) refers to st7735.o(.constdata) for Bcmd
    st7735.o(i.ST7735_InitB) refers to st7735.o(.data) for StTextColor
    st7735.o(i.ST7735_InitR) refers to st7735.o(i.commonInit) for commonInit
    st7735.o(i.ST7735_InitR) refers to st7735.o(i.commandList) for commandList
    st7735.o(i.ST7735_InitR) refers to st7735.o(i.writecommand) for writecommand
    st7735.o(i.ST7735_InitR) refers to st7735.o(i.writedata) for writedata
    st7735.o(i.ST7735_InitR) refers to st7735.o(i.ST7735_SetCursor) for ST7735_SetCursor
    st7735.o(i.ST7735_InitR) refers to st7735.o(i.ST7735_FillScreen) for ST7735_FillScreen
    st7735.o(i.ST7735_InitR) refers to st7735.o(.constdata) for Rcmd1
    st7735.o(i.ST7735_InitR) refers to st7735.o(.data) for ColStart
    st7735.o(i.ST7735_InvertDisplay) refers to st7735.o(i.writecommand) for writecommand
    st7735.o(i.ST7735_Message) refers to st7735.o(i.ST7735_DrawString) for ST7735_DrawString
    st7735.o(i.ST7735_Message) refers to st7735.o(i.ST7735_SetTextColor) for ST7735_SetTextColor
    st7735.o(i.ST7735_Message) refers to st7735.o(i.ST7735_SetCursor) for ST7735_SetCursor
    st7735.o(i.ST7735_Message) refers to st7735.o(i.ST7735_OutUDec) for ST7735_OutUDec
    st7735.o(i.ST7735_OutChar) refers to st7735.o(i.ST7735_DrawString) for ST7735_DrawString
    st7735.o(i.ST7735_OutChar) refers to st7735.o(i.ST7735_DrawCharS) for ST7735_DrawCharS
    st7735.o(i.ST7735_OutChar) refers to st7735.o(.data) for StY
    st7735.o(i.ST7735_OutString) refers to st7735.o(i.ST7735_OutChar) for ST7735_OutChar
    st7735.o(i.ST7735_OutUDec) refers to st7735.o(i.fillmessage) for fillmessage
    st7735.o(i.ST7735_OutUDec) refers to st7735.o(i.ST7735_DrawString) for ST7735_DrawString
    st7735.o(i.ST7735_OutUDec) refers to st7735.o(i.ST7735_DrawCharS) for ST7735_DrawCharS
    st7735.o(i.ST7735_OutUDec) refers to st7735.o(.data) for Messageindex
    st7735.o(i.ST7735_OutUDec) refers to st7735.o(.bss) for Message
    st7735.o(i.ST7735_PlotBar) refers to st7735.o(i.ST7735_DrawFastVLine) for ST7735_DrawFastVLine
    st7735.o(i.ST7735_PlotBar) refers to st7735.o(.data) for Ymin
    st7735.o(i.ST7735_PlotClear) refers to st7735.o(i.ST7735_Color565) for ST7735_Color565
    st7735.o(i.ST7735_PlotClear) refers to st7735.o(i.ST7735_FillRect) for ST7735_FillRect
    st7735.o(i.ST7735_PlotClear) refers to st7735.o(.data) for Ymax
    st7735.o(i.ST7735_PlotLine) refers to st7735.o(i.ST7735_DrawPixel) for ST7735_DrawPixel
    st7735.o(i.ST7735_PlotLine) refers to st7735.o(.data) for Ymin
    st7735.o(i.ST7735_PlotNext) refers to st7735.o(.data) for X
    st7735.o(i.ST7735_PlotNextErase) refers to st7735.o(i.ST7735_Color565) for ST7735_Color565
    st7735.o(i.ST7735_PlotNextErase) refers to st7735.o(i.ST7735_DrawFastVLine) for ST7735_DrawFastVLine
    st7735.o(i.ST7735_PlotNextErase) refers to st7735.o(.data) for X
    st7735.o(i.ST7735_PlotPoint) refers to st7735.o(i.ST7735_DrawPixel) for ST7735_DrawPixel
    st7735.o(i.ST7735_PlotPoint) refers to st7735.o(.data) for Ymin
    st7735.o(i.ST7735_PlotPoints) refers to st7735.o(i.ST7735_DrawPixel) for ST7735_DrawPixel
    st7735.o(i.ST7735_PlotPoints) refers to st7735.o(.data) for Ymin
    st7735.o(i.ST7735_PlotdBfs) refers to st7735.o(i.ST7735_DrawFastVLine) for ST7735_DrawFastVLine
    st7735.o(i.ST7735_PlotdBfs) refers to st7735.o(.constdata) for dBfs
    st7735.o(i.ST7735_PlotdBfs) refers to st7735.o(.data) for X
    st7735.o(i.ST7735_SetCursor) refers to st7735.o(.data) for StX
    st7735.o(i.ST7735_SetRotation) refers to st7735.o(i.writecommand) for writecommand
    st7735.o(i.ST7735_SetRotation) refers to st7735.o(i.writedata) for writedata
    st7735.o(i.ST7735_SetRotation) refers to st7735.o(.data) for Rotation
    st7735.o(i.ST7735_SetTextColor) refers to st7735.o(.data) for StTextColor
    st7735.o(i.commandList) refers to st7735.o(i.writecommand) for writecommand
    st7735.o(i.commandList) refers to st7735.o(i.writedata) for writedata
    st7735.o(i.commandList) refers to st7735.o(i.Delay1ms) for Delay1ms
    st7735.o(i.commonInit) refers to st7735.o(i.Delay1ms) for Delay1ms
    st7735.o(i.commonInit) refers to st7735.o(i.commandList) for commandList
    st7735.o(i.commonInit) refers to st7735.o(.data) for RowStart
    st7735.o(i.fillmessage) refers to st7735.o(.bss) for Message
    st7735.o(i.fillmessage) refers to st7735.o(.data) for Messageindex
    st7735.o(i.fputc) refers to st7735.o(i.ST7735_OutChar) for ST7735_OutChar
    st7735.o(i.pushColor) refers to st7735.o(i.writedata) for writedata
    st7735.o(i.setAddrWindow) refers to st7735.o(i.writecommand) for writecommand
    st7735.o(i.setAddrWindow) refers to st7735.o(i.writedata) for writedata
    st7735.o(i.setAddrWindow) refers to st7735.o(.data) for ColStart
    uart.o(i.OutCRLF) refers to uart.o(i.UART_OutChar) for UART_OutChar
    uart.o(i.RxFifo_Get) refers to uart.o(.data) for RxPutI
    uart.o(i.RxFifo_Get) refers to uart.o(.bss) for RxFifo
    uart.o(i.RxFifo_Init) refers to startup.o(.text) for StartCritical
    uart.o(i.RxFifo_Init) refers to uart.o(.data) for RxGetI
    uart.o(i.RxFifo_Put) refers to uart.o(.data) for RxPutI
    uart.o(i.RxFifo_Put) refers to uart.o(.bss) for RxFifo
    uart.o(i.RxFifo_Size) refers to uart.o(.data) for RxPutI
    uart.o(i.TxFifo_Get) refers to uart.o(.data) for TxPutI
    uart.o(i.TxFifo_Get) refers to uart.o(.bss) for TxFifo
    uart.o(i.TxFifo_Init) refers to startup.o(.text) for StartCritical
    uart.o(i.TxFifo_Init) refers to uart.o(.data) for TxGetI
    uart.o(i.TxFifo_Put) refers to uart.o(.data) for TxPutI
    uart.o(i.TxFifo_Put) refers to uart.o(.bss) for TxFifo
    uart.o(i.TxFifo_Size) refers to uart.o(.data) for TxPutI
    uart.o(i.UART0_Handler) refers to uart.o(i.copySoftwareToHardware) for copySoftwareToHardware
    uart.o(i.UART0_Handler) refers to uart.o(i.TxFifo_Size) for TxFifo_Size
    uart.o(i.UART0_Handler) refers to uart.o(i.copyHardwareToSoftware) for copyHardwareToSoftware
    uart.o(i.UART_InChar) refers to uart.o(i.RxFifo_Get) for RxFifo_Get
    uart.o(i.UART_InString) refers to uart.o(i.UART_InChar) for UART_InChar
    uart.o(i.UART_InString) refers to uart.o(i.UART_OutChar) for UART_OutChar
    uart.o(i.UART_InUDec) refers to uart.o(i.UART_InChar) for UART_InChar
    uart.o(i.UART_InUDec) refers to uart.o(i.UART_OutChar) for UART_OutChar
    uart.o(i.UART_InUHex) refers to uart.o(i.UART_InChar) for UART_InChar
    uart.o(i.UART_InUHex) refers to uart.o(i.UART_OutChar) for UART_OutChar
    uart.o(i.UART_Init) refers to uart.o(i.RxFifo_Init) for RxFifo_Init
    uart.o(i.UART_Init) refers to uart.o(i.TxFifo_Init) for TxFifo_Init
    uart.o(i.UART_Init) refers to startup.o(.text) for EnableInterrupts
    uart.o(i.UART_OutChar) refers to uart.o(i.TxFifo_Put) for TxFifo_Put
    uart.o(i.UART_OutChar) refers to uart.o(i.copySoftwareToHardware) for copySoftwareToHardware
    uart.o(i.UART_OutString) refers to uart.o(i.UART_OutChar) for UART_OutChar
    uart.o(i.UART_OutUDec) refers to uart.o(i.UART_OutChar) for UART_OutChar
    uart.o(i.UART_OutUHex) refers to uart.o(i.UART_OutChar) for UART_OutChar
    uart.o(i.copyHardwareToSoftware) refers to uart.o(i.RxFifo_Put) for RxFifo_Put
    uart.o(i.copyHardwareToSoftware) refers to uart.o(i.RxFifo_Size) for RxFifo_Size
    uart.o(i.copySoftwareToHardware) refers to uart.o(i.TxFifo_Get) for TxFifo_Get
    uart.o(i.copySoftwareToHardware) refers to uart.o(i.TxFifo_Size) for TxFifo_Size
    adc.o(i.ADC0Seq3_Handler) refers to adctestmain.o(.data) for ADCvalue
    adc.o(i.ADC_Collect) refers to adc.o(i.ADC_Open) for ADC_Open
    adc.o(i.ADC_Collect) refers to timer2.o(i.Timer2_Init) for Timer2_Init
    adc.o(i.ADC_Collect) refers to adc.o(.data) for buf
    adc.o(i.ADC_Collect) refers to adc.o(i.collect_handler) for collect_handler
    adc.o(i.ADC_In) refers to adctestmain.o(.data) for ADCvalue
    adc.o(i.ADC_Open) refers to startup.o(.text) for DisableInterrupts
    adc.o(i.collect_handler) refers to adc.o(.data) for numCounts
    adc.o(i.collect_handler) refers to adctestmain.o(.data) for ADCvalue
    timer2.o(i.Timer2A_Handler) refers to timer2.o(.data) for PeriodicTask
    timer2.o(i.Timer2_Init) refers to timer2.o(.data) for PeriodicTask
    os.o(i.OS_AddPeriodicThread) refers to startup.o(.text) for StartCritical
    os.o(i.OS_AddPeriodicThread) refers to os.o(.data) for OSTask
    os.o(i.OS_ClearPeriodicTime) refers to os.o(.data) for time
    os.o(i.OS_ReadPeriodicTime) refers to os.o(.data) for time
    os.o(i.Timer0A_Handler) refers to os.o(.data) for time
    entry.o(.ARM.Collect$$$$00000000) refers (Special) to entry10a.o(.ARM.Collect$$$$0000000D) for __rt_final_cpp
    entry.o(.ARM.Collect$$$$00000000) refers (Special) to entry11a.o(.ARM.Collect$$$$0000000F) for __rt_final_exit
    entry.o(.ARM.Collect$$$$00000000) refers (Special) to entry7b.o(.ARM.Collect$$$$00000008) for _main_clock
    entry.o(.ARM.Collect$$$$00000000) refers (Special) to entry8b.o(.ARM.Collect$$$$0000000A) for _main_cpp_init
    entry.o(.ARM.Collect$$$$00000000) refers (Special) to entry9a.o(.ARM.Collect$$$$0000000B) for _main_init
    entry.o(.ARM.Collect$$$$00000000) refers (Special) to entry5.o(.ARM.Collect$$$$00000004) for _main_scatterload
    entry.o(.ARM.Collect$$$$00000000) refers (Special) to entry2.o(.ARM.Collect$$$$00000001) for _main_stk
    entry2.o(.ARM.Collect$$$$00000001) refers to entry2.o(.ARM.Collect$$$$00002712) for __lit__00000000
    entry2.o(.ARM.Collect$$$$00002712) refers to startup.o(STACK) for __initial_sp
    entry2.o(__vectab_stack_and_reset_area) refers to startup.o(STACK) for __initial_sp
    entry2.o(__vectab_stack_and_reset_area) refers to entry.o(.ARM.Collect$$$$00000000) for __main
    entry5.o(.ARM.Collect$$$$00000004) refers to init.o(.text) for __scatterload
    entry9a.o(.ARM.Collect$$$$0000000B) refers to adctestmain.o(i.main) for main
    entry9b.o(.ARM.Collect$$$$0000000C) refers to adctestmain.o(i.main) for main
    init.o(.text) refers to entry5.o(.ARM.Collect$$$$00000004) for __main_after_scatterload


==============================================================================

Removing Unused input sections from the image.

    Removing startup.o(HEAP), (0 bytes).
    Removing st7735.o(i.Output_Clear), (10 bytes).
    Removing st7735.o(i.Output_Color), (12 bytes).
    Removing st7735.o(i.Output_Init), (16 bytes).
    Removing st7735.o(i.Output_Off), (8 bytes).
    Removing st7735.o(i.Output_On), (8 bytes).
    Removing st7735.o(i.ST7735_Color565), (24 bytes).
    Removing st7735.o(i.ST7735_DrawBitmap), (288 bytes).
    Removing st7735.o(i.ST7735_DrawChar), (272 bytes).
    Removing st7735.o(i.ST7735_DrawCharS), (248 bytes).
    Removing st7735.o(i.ST7735_DrawFastVLine), (124 bytes).
    Removing st7735.o(i.ST7735_DrawPixel), (72 bytes).
    Removing st7735.o(i.ST7735_DrawString), (84 bytes).
    Removing st7735.o(i.ST7735_InitB), (40 bytes).
    Removing st7735.o(i.ST7735_InvertDisplay), (22 bytes).
    Removing st7735.o(i.ST7735_Message), (72 bytes).
    Removing st7735.o(i.ST7735_OutChar), (212 bytes).
    Removing st7735.o(i.ST7735_OutString), (22 bytes).
    Removing st7735.o(i.ST7735_OutUDec), (140 bytes).
    Removing st7735.o(i.ST7735_PlotBar), (88 bytes).
    Removing st7735.o(i.ST7735_PlotClear), (92 bytes).
    Removing st7735.o(i.ST7735_PlotLine), (264 bytes).
    Removing st7735.o(i.ST7735_PlotNext), (32 bytes).
    Removing st7735.o(i.ST7735_PlotNextErase), (64 bytes).
    Removing st7735.o(i.ST7735_PlotPoint), (152 bytes).
    Removing st7735.o(i.ST7735_PlotPoints), (172 bytes).
    Removing st7735.o(i.ST7735_PlotdBfs), (60 bytes).
    Removing st7735.o(i.ST7735_SetRotation), (212 bytes).
    Removing st7735.o(i.ST7735_SetTextColor), (12 bytes).
    Removing st7735.o(i.ST7735_SwapColor), (18 bytes).
    Removing st7735.o(i.error), (6 bytes).
    Removing st7735.o(i.fgetc), (6 bytes).
    Removing st7735.o(i.fillmessage), (72 bytes).
    Removing st7735.o(i.fputc), (16 bytes).
    Removing st7735.o(i.pushColor), (18 bytes).
    Removing st7735.o(.bss), (12 bytes).
    Removing uart.o(i.OutCRLF), (16 bytes).
    Removing uart.o(i.UART_InUDec), (76 bytes).
    Removing uart.o(i.UART_InUHex), (108 bytes).
    Removing uart.o(i.UART_OutUDec), (42 bytes).
    Removing uart.o(i.UART_OutUHex), (52 bytes).
    Removing adc.o(i.ADC0_InitTimer0ATriggerSeq3PD3), (296 bytes).
    Removing adc.o(i.ADC_Collect), (52 bytes).
    Removing adc.o(i.ADC_In), (56 bytes).
    Removing adc.o(i.collect_handler), (48 bytes).
    Removing adc.o(.data), (8 bytes).
    Removing timer2.o(i.Timer2_Init), (96 bytes).
    Removing os.o(i.OS_ClearPeriodicTime), (12 bytes).
    Removing os.o(i.OS_ReadPeriodicTime), (12 bytes).

49 unused section(s) (total 3844 bytes) removed from the image.

==============================================================================

Image Symbol Table

    Local Symbols

    Symbol Name                              Value     Ov Type        Size  Object(Section)

    RESET                                    0x00000000   Section      644  startup.o(RESET)
    ../clib/microlib/init/entry.s            0x00000000   Number         0  entry11b.o ABSOLUTE
    ../clib/microlib/init/entry.s            0x00000000   Number         0  entry11a.o ABSOLUTE
    ../clib/microlib/init/entry.s            0x00000000   Number         0  entry10b.o ABSOLUTE
    ../clib/microlib/init/entry.s            0x00000000   Number         0  entry10a.o ABSOLUTE
    ../clib/microlib/init/entry.s            0x00000000   Number         0  entry9b.o ABSOLUTE
    ../clib/microlib/init/entry.s            0x00000000   Number         0  entry9a.o ABSOLUTE
    ../clib/microlib/init/entry.s            0x00000000   Number         0  entry8b.o ABSOLUTE
    ../clib/microlib/init/entry.s            0x00000000   Number         0  entry8a.o ABSOLUTE
    ../clib/microlib/init/entry.s            0x00000000   Number         0  entry7b.o ABSOLUTE
    ../clib/microlib/init/entry.s            0x00000000   Number         0  entry7a.o ABSOLUTE
    ../clib/microlib/init/entry.s            0x00000000   Number         0  entry5.o ABSOLUTE
    ../clib/microlib/init/entry.s            0x00000000   Number         0  entry2.o ABSOLUTE
    ../clib/microlib/init/entry.s            0x00000000   Number         0  entry.o ABSOLUTE
    ADC.c                                    0x00000000   Number         0  adc.o ABSOLUTE
    ADCTestmain.c                            0x00000000   Number         0  adctestmain.o ABSOLUTE
    OS.c                                     0x00000000   Number         0  os.o ABSOLUTE
    PLL.c                                    0x00000000   Number         0  pll.o ABSOLUTE
    ST7735.c                                 0x00000000   Number         0  st7735.o ABSOLUTE
    Timer2.c                                 0x00000000   Number         0  timer2.o ABSOLUTE
    UART.c                                   0x00000000   Number         0  uart.o ABSOLUTE
    dc.s                                     0x00000000   Number         0  dc.o ABSOLUTE
    handlers.s                               0x00000000   Number         0  handlers.o ABSOLUTE
    init.s                                   0x00000000   Number         0  init.o ABSOLUTE
    startup.s                                0x00000000   Number         0  startup.o ABSOLUTE
    .ARM.Collect$$$$00000000                 0x00000284   Section        0  entry.o(.ARM.Collect$$$$00000000)
    .ARM.Collect$$$$00000001                 0x00000284   Section        4  entry2.o(.ARM.Collect$$$$00000001)
    .ARM.Collect$$$$00000004                 0x00000288   Section        4  entry5.o(.ARM.Collect$$$$00000004)
    .ARM.Collect$$$$00000008                 0x0000028c   Section        0  entry7b.o(.ARM.Collect$$$$00000008)
    .ARM.Collect$$$$0000000A                 0x0000028c   Section        0  entry8b.o(.ARM.Collect$$$$0000000A)
    .ARM.Collect$$$$0000000B                 0x0000028c   Section        8  entry9a.o(.ARM.Collect$$$$0000000B)
    .ARM.Collect$$$$0000000D                 0x00000294   Section        0  entry10a.o(.ARM.Collect$$$$0000000D)
    .ARM.Collect$$$$0000000F                 0x00000294   Section        0  entry11a.o(.ARM.Collect$$$$0000000F)
    .ARM.Collect$$$$00002712                 0x00000294   Section        4  entry2.o(.ARM.Collect$$$$00002712)
    __lit__00000000                          0x00000294   Data           4  entry2.o(.ARM.Collect$$$$00002712)
    .text                                    0x00000298   Section       28  startup.o(.text)
    .text                                    0x000002b4   Section       36  init.o(.text)
    i.ADC0Seq3_Handler                       0x000002d8   Section        0  adc.o(i.ADC0Seq3_Handler)
    i.ADC_Open                               0x000002f4   Section        0  adc.o(i.ADC_Open)
    i.Delay1ms                               0x000006e0   Section        0  st7735.o(i.Delay1ms)
    i.OS_AddPeriodicThread                   0x00000700   Section        0  os.o(i.OS_AddPeriodicThread)
    i.PLL_Init                               0x00000788   Section        0  pll.o(i.PLL_Init)
    i.RxFifo_Get                             0x00000804   Section        0  uart.o(i.RxFifo_Get)
    i.RxFifo_Init                            0x00000840   Section        0  uart.o(i.RxFifo_Init)
    i.RxFifo_Put                             0x00000864   Section        0  uart.o(i.RxFifo_Put)
    i.RxFifo_Size                            0x000008a0   Section        0  uart.o(i.RxFifo_Size)
    i.ST7735_DivideScreen                    0x000008b8   Section        0  st7735.o(i.ST7735_DivideScreen)
    i.ST7735_DrawFastHLine                   0x00000920   Section        0  st7735.o(i.ST7735_DrawFastHLine)
    i.ST7735_FillRect                        0x0000099c   Section        0  st7735.o(i.ST7735_FillRect)
    i.ST7735_FillScreen                      0x00000a48   Section        0  st7735.o(i.ST7735_FillScreen)
    i.ST7735_InitR                           0x00000a6c   Section        0  st7735.o(i.ST7735_InitR)
    i.ST7735_SetCursor                       0x00000ae8   Section        0  st7735.o(i.ST7735_SetCursor)
    i.Timer0A_Handler                        0x00000b08   Section        0  os.o(i.Timer0A_Handler)
    i.Timer2A_Handler                        0x00000b44   Section        0  timer2.o(i.Timer2A_Handler)
    i.TxFifo_Get                             0x00000b5c   Section        0  uart.o(i.TxFifo_Get)
    i.TxFifo_Init                            0x00000b98   Section        0  uart.o(i.TxFifo_Init)
    i.TxFifo_Put                             0x00000bbc   Section        0  uart.o(i.TxFifo_Put)
    i.TxFifo_Size                            0x00000bf8   Section        0  uart.o(i.TxFifo_Size)
    i.UART0_Handler                          0x00000c10   Section        0  uart.o(i.UART0_Handler)
    i.UART_InChar                            0x00000c68   Section        0  uart.o(i.UART_InChar)
    i.UART_InString                          0x00000c7c   Section        0  uart.o(i.UART_InString)
    i.UART_Init                              0x00000cc4   Section        0  uart.o(i.UART_Init)
    i.UART_OutChar                           0x00000d90   Section        0  uart.o(i.UART_OutChar)
    i.UART_OutString                         0x00000dc4   Section        0  uart.o(i.UART_OutString)
    i.__scatterload_copy                     0x00000dda   Section       14  handlers.o(i.__scatterload_copy)
    i.__scatterload_null                     0x00000de8   Section        2  handlers.o(i.__scatterload_null)
    i.__scatterload_zeroinit                 0x00000dea   Section       14  handlers.o(i.__scatterload_zeroinit)
    i.blink                                  0x00000df8   Section        0  adctestmain.o(i.blink)
    i.commandList                            0x00000e10   Section        0  st7735.o(i.commandList)
    commandList                              0x00000e11   Thumb Code    86  st7735.o(i.commandList)
    i.commonInit                             0x00000e68   Section        0  st7735.o(i.commonInit)
    commonInit                               0x00000e69   Thumb Code   342  st7735.o(i.commonInit)
    i.copyHardwareToSoftware                 0x00000ff0   Section        0  uart.o(i.copyHardwareToSoftware)
    copyHardwareToSoftware                   0x00000ff1   Thumb Code    36  uart.o(i.copyHardwareToSoftware)
    i.copySoftwareToHardware                 0x00001018   Section        0  uart.o(i.copySoftwareToHardware)
    copySoftwareToHardware                   0x00001019   Thumb Code    38  uart.o(i.copySoftwareToHardware)
    i.heartbeatInit                          0x00001044   Section        0  adctestmain.o(i.heartbeatInit)
    i.main                                   0x000010a4   Section        0  adctestmain.o(i.main)
    i.setAddrWindow                          0x000011d4   Section        0  st7735.o(i.setAddrWindow)
    setAddrWindow                            0x000011d5   Thumb Code   106  st7735.o(i.setAddrWindow)
    i.strcmp                                 0x00001248   Section        0  adctestmain.o(i.strcmp)
    i.writecommand                           0x0000127c   Section        0  st7735.o(i.writecommand)
    writecommand                             0x0000127d   Thumb Code    40  st7735.o(i.writecommand)
    i.writedata                              0x000012ac   Section        0  st7735.o(i.writedata)
    writedata                                0x000012ad   Thumb Code    26  st7735.o(i.writedata)
    .constdata                               0x000012d0   Section     2018  st7735.o(.constdata)
    Font                                     0x000012d0   Data        1275  st7735.o(.constdata)
    Bcmd                                     0x000017cb   Data         103  st7735.o(.constdata)
    Rcmd1                                    0x00001832   Data          59  st7735.o(.constdata)
    Rcmd2green                               0x0000186d   Data          13  st7735.o(.constdata)
    Rcmd2red                                 0x0000187a   Data          13  st7735.o(.constdata)
    Rcmd3                                    0x00001887   Data          43  st7735.o(.constdata)
    .data                                    0x20000000   Section        2  adctestmain.o(.data)
    .data                                    0x20000004   Section       44  st7735.o(.data)
    ColStart                                 0x2000000e   Data           1  st7735.o(.data)
    RowStart                                 0x2000000f   Data           1  st7735.o(.data)
    Rotation                                 0x20000010   Data           1  st7735.o(.data)
    TabColor                                 0x20000011   Data           1  st7735.o(.data)
    _width                                   0x20000012   Data           2  st7735.o(.data)
    _height                                  0x20000014   Data           2  st7735.o(.data)
    .data                                    0x20000030   Section       16  uart.o(.data)
    .data                                    0x20000040   Section        4  timer2.o(.data)
    .data                                    0x20000044   Section       16  os.o(.data)
    .bss                                     0x20000054   Section       32  uart.o(.bss)
    RxFifo                                   0x20000054   Data          16  uart.o(.bss)
    TxFifo                                   0x20000064   Data          16  uart.o(.bss)
    STACK                                    0x20000078   Section     1024  startup.o(STACK)
    StackMem                                 0x20000078   Data           0  startup.o(STACK)

    Global Symbols

    Symbol Name                              Value     Ov Type        Size  Object(Section)

    BuildAttributes$$THM_ISAv4$E$P$D$K$B$S$7EM$PE$A:L22UL41UL21$X:L11$S22US41US21$IEEE1$IW$USESV6$~STKCKD$USESV7$~SHL$OSPACE$EBA8$MICROLIB$REQ8$PRES8$EABIv2 0x00000000   Number         0  anon$$obj.o ABSOLUTE
    __ARM_use_no_argv                        0x00000000   Number         0  adctestmain.o ABSOLUTE
    __Vectors                                0x00000000   Data           0  startup.o(RESET)
    __cpp_initialize__aeabi_                  - Undefined Weak Reference
    __cxa_finalize                            - Undefined Weak Reference
    __decompress                              - Undefined Weak Reference
    _clock_init                               - Undefined Weak Reference
    _microlib_exit                            - Undefined Weak Reference
    Reset_Handler                            0x0000026d   Thumb Code     0  startup.o(RESET)
    NMI_Handler                              0x00000271   Thumb Code     2  startup.o(RESET)
    HardFault_Handler                        0x00000273   Thumb Code     2  startup.o(RESET)
    MemManage_Handler                        0x00000275   Thumb Code     2  startup.o(RESET)
    BusFault_Handler                         0x00000277   Thumb Code     2  startup.o(RESET)
    UsageFault_Handler                       0x00000279   Thumb Code     2  startup.o(RESET)
    SVC_Handler                              0x0000027b   Thumb Code     2  startup.o(RESET)
    DebugMon_Handler                         0x0000027d   Thumb Code     2  startup.o(RESET)
    PendSV_Handler                           0x0000027f   Thumb Code     2  startup.o(RESET)
    SysTick_Handler                          0x00000281   Thumb Code     2  startup.o(RESET)
    ADC0Seq0_Handler                         0x00000283   Thumb Code     0  startup.o(RESET)
    ADC0Seq1_Handler                         0x00000283   Thumb Code     0  startup.o(RESET)
    ADC0Seq2_Handler                         0x00000283   Thumb Code     0  startup.o(RESET)
    ADC1Seq0_Handler                         0x00000283   Thumb Code     0  startup.o(RESET)
    ADC1Seq1_Handler                         0x00000283   Thumb Code     0  startup.o(RESET)
    ADC1Seq2_Handler                         0x00000283   Thumb Code     0  startup.o(RESET)
    ADC1Seq3_Handler                         0x00000283   Thumb Code     0  startup.o(RESET)
    CAN0_Handler                             0x00000283   Thumb Code     0  startup.o(RESET)
    CAN1_Handler                             0x00000283   Thumb Code     0  startup.o(RESET)
    CAN2_Handler                             0x00000283   Thumb Code     0  startup.o(RESET)
    Comp0_Handler                            0x00000283   Thumb Code     0  startup.o(RESET)
    Comp1_Handler                            0x00000283   Thumb Code     0  startup.o(RESET)
    Comp2_Handler                            0x00000283   Thumb Code     0  startup.o(RESET)
    Ethernet_Handler                         0x00000283   Thumb Code     0  startup.o(RESET)
    ExtBus_Handler                           0x00000283   Thumb Code     0  startup.o(RESET)
    FPU_Handler                              0x00000283   Thumb Code     0  startup.o(RESET)
    Fan0_Handler                             0x00000283   Thumb Code     0  startup.o(RESET)
    FlashCtl_Handler                         0x00000283   Thumb Code     0  startup.o(RESET)
    GPIOPortA_Handler                        0x00000283   Thumb Code     0  startup.o(RESET)
    GPIOPortB_Handler                        0x00000283   Thumb Code     0  startup.o(RESET)
    GPIOPortC_Handler                        0x00000283   Thumb Code     0  startup.o(RESET)
    GPIOPortD_Handler                        0x00000283   Thumb Code     0  startup.o(RESET)
    GPIOPortE_Handler                        0x00000283   Thumb Code     0  startup.o(RESET)
    GPIOPortF_Handler                        0x00000283   Thumb Code     0  startup.o(RESET)
    GPIOPortG_Handler                        0x00000283   Thumb Code     0  startup.o(RESET)
    GPIOPortH_Handler                        0x00000283   Thumb Code     0  startup.o(RESET)
    GPIOPortJ_Handler                        0x00000283   Thumb Code     0  startup.o(RESET)
    GPIOPortK_Handler                        0x00000283   Thumb Code     0  startup.o(RESET)
    GPIOPortL_Handler                        0x00000283   Thumb Code     0  startup.o(RESET)
    GPIOPortM_Handler                        0x00000283   Thumb Code     0  startup.o(RESET)
    GPIOPortN_Handler                        0x00000283   Thumb Code     0  startup.o(RESET)
    GPIOPortP1_Handler                       0x00000283   Thumb Code     0  startup.o(RESET)
    GPIOPortP2_Handler                       0x00000283   Thumb Code     0  startup.o(RESET)
    GPIOPortP3_Handler                       0x00000283   Thumb Code     0  startup.o(RESET)
    GPIOPortP4_Handler                       0x00000283   Thumb Code     0  startup.o(RESET)
    GPIOPortP5_Handler                       0x00000283   Thumb Code     0  startup.o(RESET)
    GPIOPortP6_Handler                       0x00000283   Thumb Code     0  startup.o(RESET)
    GPIOPortP7_Handler                       0x00000283   Thumb Code     0  startup.o(RESET)
    GPIOPortP_Handler                        0x00000283   Thumb Code     0  startup.o(RESET)
    GPIOPortQ1_Handler                       0x00000283   Thumb Code     0  startup.o(RESET)
    GPIOPortQ2_Handler                       0x00000283   Thumb Code     0  startup.o(RESET)
    GPIOPortQ3_Handler                       0x00000283   Thumb Code     0  startup.o(RESET)
    GPIOPortQ4_Handler                       0x00000283   Thumb Code     0  startup.o(RESET)
    GPIOPortQ5_Handler                       0x00000283   Thumb Code     0  startup.o(RESET)
    GPIOPortQ6_Handler                       0x00000283   Thumb Code     0  startup.o(RESET)
    GPIOPortQ7_Handler                       0x00000283   Thumb Code     0  startup.o(RESET)
    GPIOPortQ_Handler                        0x00000283   Thumb Code     0  startup.o(RESET)
    GPIOPortR_Handler                        0x00000283   Thumb Code     0  startup.o(RESET)
    GPIOPortS_Handler                        0x00000283   Thumb Code     0  startup.o(RESET)
    Hibernate_Handler                        0x00000283   Thumb Code     0  startup.o(RESET)
    I2C0_Handler                             0x00000283   Thumb Code     0  startup.o(RESET)
    I2C1_Handler                             0x00000283   Thumb Code     0  startup.o(RESET)
    I2C2_Handler                             0x00000283   Thumb Code     0  startup.o(RESET)
    I2C3_Handler                             0x00000283   Thumb Code     0  startup.o(RESET)
    I2C4_Handler                             0x00000283   Thumb Code     0  startup.o(RESET)
    I2C5_Handler                             0x00000283   Thumb Code     0  startup.o(RESET)
    I2S0_Handler                             0x00000283   Thumb Code     0  startup.o(RESET)
    LPC0_Handler                             0x00000283   Thumb Code     0  startup.o(RESET)
    PECI0_Handler                            0x00000283   Thumb Code     0  startup.o(RESET)
    PWM0Fault_Handler                        0x00000283   Thumb Code     0  startup.o(RESET)
    PWM0Generator0_Handler                   0x00000283   Thumb Code     0  startup.o(RESET)
    PWM0Generator1_Handler                   0x00000283   Thumb Code     0  startup.o(RESET)
    PWM0Generator2_Handler                   0x00000283   Thumb Code     0  startup.o(RESET)
    PWM0Generator3_Handler                   0x00000283   Thumb Code     0  startup.o(RESET)
    PWM1Fault_Handler                        0x00000283   Thumb Code     0  startup.o(RESET)
    PWM1Generator0_Handler                   0x00000283   Thumb Code     0  startup.o(RESET)
    PWM1Generator1_Handler                   0x00000283   Thumb Code     0  startup.o(RESET)
    PWM1Generator2_Handler                   0x00000283   Thumb Code     0  startup.o(RESET)
    PWM1Generator3_Handler                   0x00000283   Thumb Code     0  startup.o(RESET)
    Quadrature0_Handler                      0x00000283   Thumb Code     0  startup.o(RESET)
    Quadrature1_Handler                      0x00000283   Thumb Code     0  startup.o(RESET)
    Quadrature2_Handler                      0x00000283   Thumb Code     0  startup.o(RESET)
    SSI0_Handler                             0x00000283   Thumb Code     0  startup.o(RESET)
    SSI1_Handler                             0x00000283   Thumb Code     0  startup.o(RESET)
    SSI2_Handler                             0x00000283   Thumb Code     0  startup.o(RESET)
    SSI3_Handler                             0x00000283   Thumb Code     0  startup.o(RESET)
    SysCtl_Handler                           0x00000283   Thumb Code     0  startup.o(RESET)
    Timer0B_Handler                          0x00000283   Thumb Code     0  startup.o(RESET)
    Timer1A_Handler                          0x00000283   Thumb Code     0  startup.o(RESET)
    Timer1B_Handler                          0x00000283   Thumb Code     0  startup.o(RESET)
    Timer2B_Handler                          0x00000283   Thumb Code     0  startup.o(RESET)
    Timer3A_Handler                          0x00000283   Thumb Code     0  startup.o(RESET)
    Timer3B_Handler                          0x00000283   Thumb Code     0  startup.o(RESET)
    Timer4A_Handler                          0x00000283   Thumb Code     0  startup.o(RESET)
    Timer4B_Handler                          0x00000283   Thumb Code     0  startup.o(RESET)
    Timer5A_Handler                          0x00000283   Thumb Code     0  startup.o(RESET)
    Timer5B_Handler                          0x00000283   Thumb Code     0  startup.o(RESET)
    UART1_Handler                            0x00000283   Thumb Code     0  startup.o(RESET)
    UART2_Handler                            0x00000283   Thumb Code     0  startup.o(RESET)
    UART3_Handler                            0x00000283   Thumb Code     0  startup.o(RESET)
    UART4_Handler                            0x00000283   Thumb Code     0  startup.o(RESET)
    UART5_Handler                            0x00000283   Thumb Code     0  startup.o(RESET)
    UART6_Handler                            0x00000283   Thumb Code     0  startup.o(RESET)
    UART7_Handler                            0x00000283   Thumb Code     0  startup.o(RESET)
    USB0_Handler                             0x00000283   Thumb Code     0  startup.o(RESET)
    WDT_Handler                              0x00000283   Thumb Code     0  startup.o(RESET)
    WideTimer0A_Handler                      0x00000283   Thumb Code     0  startup.o(RESET)
    WideTimer0B_Handler                      0x00000283   Thumb Code     0  startup.o(RESET)
    WideTimer1A_Handler                      0x00000283   Thumb Code     0  startup.o(RESET)
    WideTimer1B_Handler                      0x00000283   Thumb Code     0  startup.o(RESET)
    WideTimer2A_Handler                      0x00000283   Thumb Code     0  startup.o(RESET)
    WideTimer2B_Handler                      0x00000283   Thumb Code     0  startup.o(RESET)
    WideTimer3A_Handler                      0x00000283   Thumb Code     0  startup.o(RESET)
    WideTimer3B_Handler                      0x00000283   Thumb Code     0  startup.o(RESET)
    WideTimer4A_Handler                      0x00000283   Thumb Code     0  startup.o(RESET)
    WideTimer4B_Handler                      0x00000283   Thumb Code     0  startup.o(RESET)
    WideTimer5A_Handler                      0x00000283   Thumb Code     0  startup.o(RESET)
    WideTimer5B_Handler                      0x00000283   Thumb Code     0  startup.o(RESET)
    uDMA_Error                               0x00000283   Thumb Code     0  startup.o(RESET)
    uDMA_Handler                             0x00000283   Thumb Code     0  startup.o(RESET)
    __main                                   0x00000285   Thumb Code     0  entry.o(.ARM.Collect$$$$00000000)
    _main_stk                                0x00000285   Thumb Code     0  entry2.o(.ARM.Collect$$$$00000001)
    _main_scatterload                        0x00000289   Thumb Code     0  entry5.o(.ARM.Collect$$$$00000004)
    __main_after_scatterload                 0x0000028d   Thumb Code     0  entry5.o(.ARM.Collect$$$$00000004)
    _main_clock                              0x0000028d   Thumb Code     0  entry7b.o(.ARM.Collect$$$$00000008)
    _main_cpp_init                           0x0000028d   Thumb Code     0  entry8b.o(.ARM.Collect$$$$0000000A)
    _main_init                               0x0000028d   Thumb Code     0  entry9a.o(.ARM.Collect$$$$0000000B)
    __rt_final_cpp                           0x00000295   Thumb Code     0  entry10a.o(.ARM.Collect$$$$0000000D)
    __rt_final_exit                          0x00000295   Thumb Code     0  entry11a.o(.ARM.Collect$$$$0000000F)
    DisableInterrupts                        0x00000299   Thumb Code     0  startup.o(.text)
    EnableInterrupts                         0x0000029d   Thumb Code     0  startup.o(.text)
    StartCritical                            0x000002a1   Thumb Code     0  startup.o(.text)
    EndCritical                              0x000002a9   Thumb Code     0  startup.o(.text)
    WaitForInterrupt                         0x000002af   Thumb Code     0  startup.o(.text)
    __scatterload                            0x000002b5   Thumb Code    28  init.o(.text)
    __scatterload_rt2                        0x000002b5   Thumb Code     0  init.o(.text)
    ADC0Seq3_Handler                         0x000002d9   Thumb Code    18  adc.o(i.ADC0Seq3_Handler)
    ADC_Open                                 0x000002f5   Thumb Code   968  adc.o(i.ADC_Open)
    Delay1ms                                 0x000006e1   Thumb Code    32  st7735.o(i.Delay1ms)
    OS_AddPeriodicThread                     0x00000701   Thumb Code   108  os.o(i.OS_AddPeriodicThread)
    PLL_Init                                 0x00000789   Thumb Code   120  pll.o(i.PLL_Init)
    RxFifo_Get                               0x00000805   Thumb Code    46  uart.o(i.RxFifo_Get)
    RxFifo_Init                              0x00000841   Thumb Code    26  uart.o(i.RxFifo_Init)
    RxFifo_Put                               0x00000865   Thumb Code    48  uart.o(i.RxFifo_Put)
    RxFifo_Size                              0x000008a1   Thumb Code    14  uart.o(i.RxFifo_Size)
    ST7735_DivideScreen                      0x000008b9   Thumb Code   102  st7735.o(i.ST7735_DivideScreen)
    ST7735_DrawFastHLine                     0x00000921   Thumb Code   116  st7735.o(i.ST7735_DrawFastHLine)
    ST7735_FillRect                          0x0000099d   Thumb Code   164  st7735.o(i.ST7735_FillRect)
    ST7735_FillScreen                        0x00000a49   Thumb Code    28  st7735.o(i.ST7735_FillScreen)
    ST7735_InitR                             0x00000a6d   Thumb Code    90  st7735.o(i.ST7735_InitR)
    ST7735_SetCursor                         0x00000ae9   Thumb Code    22  st7735.o(i.ST7735_SetCursor)
    Timer0A_Handler                          0x00000b09   Thumb Code    44  os.o(i.Timer0A_Handler)
    Timer2A_Handler                          0x00000b45   Thumb Code    16  timer2.o(i.Timer2A_Handler)
    TxFifo_Get                               0x00000b5d   Thumb Code    46  uart.o(i.TxFifo_Get)
    TxFifo_Init                              0x00000b99   Thumb Code    26  uart.o(i.TxFifo_Init)
    TxFifo_Put                               0x00000bbd   Thumb Code    48  uart.o(i.TxFifo_Put)
    TxFifo_Size                              0x00000bf9   Thumb Code    14  uart.o(i.TxFifo_Size)
    UART0_Handler                            0x00000c11   Thumb Code    82  uart.o(i.UART0_Handler)
    UART_InChar                              0x00000c69   Thumb Code    20  uart.o(i.UART_InChar)
    UART_InString                            0x00000c7d   Thumb Code    70  uart.o(i.UART_InString)
    UART_Init                                0x00000cc5   Thumb Code   178  uart.o(i.UART_Init)
    UART_OutChar                             0x00000d91   Thumb Code    46  uart.o(i.UART_OutChar)
    UART_OutString                           0x00000dc5   Thumb Code    22  uart.o(i.UART_OutString)
    __scatterload_copy                       0x00000ddb   Thumb Code    14  handlers.o(i.__scatterload_copy)
    __scatterload_null                       0x00000de9   Thumb Code     2  handlers.o(i.__scatterload_null)
    __scatterload_zeroinit                   0x00000deb   Thumb Code    14  handlers.o(i.__scatterload_zeroinit)
    blink                                    0x00000df9   Thumb Code    16  adctestmain.o(i.blink)
    heartbeatInit                            0x00001045   Thumb Code    82  adctestmain.o(i.heartbeatInit)
    main                                     0x000010a5   Thumb Code   212  adctestmain.o(i.main)
    strcmp                                   0x00001249   Thumb Code    52  adctestmain.o(i.strcmp)
    dBfs                                     0x000018b2   Data         512  st7735.o(.constdata)
    Region$$Table$$Base                      0x00001ab4   Number         0  anon$$obj.o(Region$$Table)
    Region$$Table$$Limit                     0x00001ad4   Number         0  anon$$obj.o(Region$$Table)
    ADCvalue                                 0x20000000   Data           2  adctestmain.o(.data)
    StX                                      0x20000004   Data           4  st7735.o(.data)
    StY                                      0x20000008   Data           4  st7735.o(.data)
    StTextColor                              0x2000000c   Data           2  st7735.o(.data)
    Messageindex                             0x20000018   Data           4  st7735.o(.data)
    Ymax                                     0x2000001c   Data           4  st7735.o(.data)
    Ymin                                     0x20000020   Data           4  st7735.o(.data)
    X                                        0x20000024   Data           4  st7735.o(.data)
    Yrange                                   0x20000028   Data           4  st7735.o(.data)
    lastj                                    0x2000002c   Data           4  st7735.o(.data)
    RxPutI                                   0x20000030   Data           4  uart.o(.data)
    RxGetI                                   0x20000034   Data           4  uart.o(.data)
    TxPutI                                   0x20000038   Data           4  uart.o(.data)
    TxGetI                                   0x2000003c   Data           4  uart.o(.data)
    PeriodicTask                             0x20000040   Data           4  timer2.o(.data)
    OSTask                                   0x20000044   Data           4  os.o(.data)
    function_period                          0x20000048   Data           4  os.o(.data)
    time                                     0x2000004c   Data           4  os.o(.data)
    function_priority                        0x20000050   Data           4  os.o(.data)
    __initial_sp                             0x20000478   Data           0  startup.o(STACK)



==============================================================================

Memory Map of the image

  Image Entry point : 0x0000026d

  Load Region LR_1 (Base: 0x00000000, Size: 0x00001b28, Max: 0xffffffff, ABSOLUTE)

    Execution Region ER_RO (Exec base: 0x00000000, Load base: 0x00000000, Size: 0x00001ad4, Max: 0xffffffff, ABSOLUTE)

    Exec Addr    Load Addr    Size         Type   Attr      Idx    E Section Name        Object

    0x00000000   0x00000000   0x00000284   Code   RO            3  * RESET               startup.o
    0x00000284   0x00000284   0x00000000   Code   RO          599  * .ARM.Collect$$$$00000000  mc_w.l(entry.o)
    0x00000284   0x00000284   0x00000004   Code   RO          602    .ARM.Collect$$$$00000001  mc_w.l(entry2.o)
    0x00000288   0x00000288   0x00000004   Code   RO          605    .ARM.Collect$$$$00000004  mc_w.l(entry5.o)
    0x0000028c   0x0000028c   0x00000000   Code   RO          607    .ARM.Collect$$$$00000008  mc_w.l(entry7b.o)
    0x0000028c   0x0000028c   0x00000000   Code   RO          609    .ARM.Collect$$$$0000000A  mc_w.l(entry8b.o)
    0x0000028c   0x0000028c   0x00000008   Code   RO          610    .ARM.Collect$$$$0000000B  mc_w.l(entry9a.o)
    0x00000294   0x00000294   0x00000000   Code   RO          612    .ARM.Collect$$$$0000000D  mc_w.l(entry10a.o)
    0x00000294   0x00000294   0x00000000   Code   RO          614    .ARM.Collect$$$$0000000F  mc_w.l(entry11a.o)
    0x00000294   0x00000294   0x00000004   Code   RO          603    .ARM.Collect$$$$00002712  mc_w.l(entry2.o)
    0x00000298   0x00000298   0x0000001c   Code   RO            4    .text               startup.o
    0x000002b4   0x000002b4   0x00000024   Code   RO          616    .text               mc_w.l(init.o)
    0x000002d8   0x000002d8   0x0000001c   Code   RO          498    i.ADC0Seq3_Handler  adc.o
    0x000002f4   0x000002f4   0x000003ec   Code   RO          502    i.ADC_Open          adc.o
    0x000006e0   0x000006e0   0x00000020   Code   RO           76    i.Delay1ms          st7735.o
    0x00000700   0x00000700   0x00000088   Code   RO          566    i.OS_AddPeriodicThread  os.o
    0x00000788   0x00000788   0x0000007c   Code   RO           64    i.PLL_Init          pll.o
    0x00000804   0x00000804   0x0000003c   Code   RO          362    i.RxFifo_Get        uart.o
    0x00000840   0x00000840   0x00000024   Code   RO          363    i.RxFifo_Init       uart.o
    0x00000864   0x00000864   0x0000003c   Code   RO          364    i.RxFifo_Put        uart.o
    0x000008a0   0x000008a0   0x00000018   Code   RO          365    i.RxFifo_Size       uart.o
    0x000008b8   0x000008b8   0x00000066   Code   RO           83    i.ST7735_DivideScreen  st7735.o
    0x0000091e   0x0000091e   0x00000002   PAD
    0x00000920   0x00000920   0x0000007c   Code   RO           87    i.ST7735_DrawFastHLine  st7735.o
    0x0000099c   0x0000099c   0x000000ac   Code   RO           91    i.ST7735_FillRect   st7735.o
    0x00000a48   0x00000a48   0x00000024   Code   RO           92    i.ST7735_FillScreen  st7735.o
    0x00000a6c   0x00000a6c   0x0000007c   Code   RO           94    i.ST7735_InitR      st7735.o
    0x00000ae8   0x00000ae8   0x00000020   Code   RO          108    i.ST7735_SetCursor  st7735.o
    0x00000b08   0x00000b08   0x0000003c   Code   RO          569    i.Timer0A_Handler   os.o
    0x00000b44   0x00000b44   0x00000018   Code   RO          545    i.Timer2A_Handler   timer2.o
    0x00000b5c   0x00000b5c   0x0000003c   Code   RO          366    i.TxFifo_Get        uart.o
    0x00000b98   0x00000b98   0x00000024   Code   RO          367    i.TxFifo_Init       uart.o
    0x00000bbc   0x00000bbc   0x0000003c   Code   RO          368    i.TxFifo_Put        uart.o
    0x00000bf8   0x00000bf8   0x00000018   Code   RO          369    i.TxFifo_Size       uart.o
    0x00000c10   0x00000c10   0x00000058   Code   RO          370    i.UART0_Handler     uart.o
    0x00000c68   0x00000c68   0x00000014   Code   RO          371    i.UART_InChar       uart.o
    0x00000c7c   0x00000c7c   0x00000046   Code   RO          372    i.UART_InString     uart.o
    0x00000cc2   0x00000cc2   0x00000002   PAD
    0x00000cc4   0x00000cc4   0x000000cc   Code   RO          375    i.UART_Init         uart.o
    0x00000d90   0x00000d90   0x00000034   Code   RO          376    i.UART_OutChar      uart.o
    0x00000dc4   0x00000dc4   0x00000016   Code   RO          377    i.UART_OutString    uart.o
    0x00000dda   0x00000dda   0x0000000e   Code   RO          620    i.__scatterload_copy  mc_w.l(handlers.o)
    0x00000de8   0x00000de8   0x00000002   Code   RO          621    i.__scatterload_null  mc_w.l(handlers.o)
    0x00000dea   0x00000dea   0x0000000e   Code   RO          622    i.__scatterload_zeroinit  mc_w.l(handlers.o)
    0x00000df8   0x00000df8   0x00000018   Code   RO           12    i.blink             adctestmain.o
    0x00000e10   0x00000e10   0x00000056   Code   RO          112    i.commandList       st7735.o
    0x00000e66   0x00000e66   0x00000002   PAD
    0x00000e68   0x00000e68   0x00000188   Code   RO          113    i.commonInit        st7735.o
    0x00000ff0   0x00000ff0   0x00000028   Code   RO          380    i.copyHardwareToSoftware  uart.o
    0x00001018   0x00001018   0x0000002c   Code   RO          381    i.copySoftwareToHardware  uart.o
    0x00001044   0x00001044   0x00000060   Code   RO           13    i.heartbeatInit     adctestmain.o
    0x000010a4   0x000010a4   0x00000130   Code   RO           14    i.main              adctestmain.o
    0x000011d4   0x000011d4   0x00000074   Code   RO          119    i.setAddrWindow     st7735.o
    0x00001248   0x00001248   0x00000034   Code   RO           15    i.strcmp            adctestmain.o
    0x0000127c   0x0000127c   0x00000030   Code   RO          120    i.writecommand      st7735.o
    0x000012ac   0x000012ac   0x00000024   Code   RO          121    i.writedata         st7735.o
    0x000012d0   0x000012d0   0x000007e2   Data   RO          123    .constdata          st7735.o
    0x00001ab2   0x00001ab2   0x00000002   PAD
    0x00001ab4   0x00001ab4   0x00000020   Data   RO          618    Region$$Table       anon$$obj.o


    Execution Region ER_RW (Exec base: 0x20000000, Load base: 0x00001ad4, Size: 0x00000054, Max: 0xffffffff, ABSOLUTE)

    Exec Addr    Load Addr    Size         Type   Attr      Idx    E Section Name        Object

    0x20000000   0x00001ad4   0x00000002   Data   RW           16    .data               adctestmain.o
    0x20000002   0x00001ad6   0x00000002   PAD
    0x20000004   0x00001ad8   0x0000002c   Data   RW          124    .data               st7735.o
    0x20000030   0x00001b04   0x00000010   Data   RW          383    .data               uart.o
    0x20000040   0x00001b14   0x00000004   Data   RW          547    .data               timer2.o
    0x20000044   0x00001b18   0x00000010   Data   RW          570    .data               os.o


    Execution Region ER_ZI (Exec base: 0x20000054, Load base: 0x00001b28, Size: 0x00000424, Max: 0xffffffff, ABSOLUTE)

    Exec Addr    Load Addr    Size         Type   Attr      Idx    E Section Name        Object

    0x20000054        -       0x00000020   Zero   RW          382    .bss                uart.o
    0x20000074   0x00001b28   0x00000004   PAD
    0x20000078        -       0x00000400   Zero   RW            1    STACK               startup.o


==============================================================================

Image component sizes


      Code (inc. data)   RO Data    RW Data    ZI Data      Debug   Object Name

      1032         70          0          0          0       2478   adc.o
       476        114          0          2          0       7347   adctestmain.o
       196         44          0         16          0       1785   os.o
       124          4          0          0          0        463   pll.o
      1300        146       2018         44          0      10273   st7735.o
       672        622          0          0       1024       1004   startup.o
        24          8          0          4          0        985   timer2.o
       900        140          0         16         32       8944   uart.o

    ----------------------------------------------------------------------
      4730       1148       2052         84       1060      33279   Object Totals
         0          0         32          0          0          0   (incl. Generated)
         6          0          2          2          4          0   (incl. Padding)

    ----------------------------------------------------------------------

      Code (inc. data)   RO Data    RW Data    ZI Data      Debug   Library Member Name

         0          0          0          0          0          0   entry.o
         0          0          0          0          0          0   entry10a.o
         0          0          0          0          0          0   entry11a.o
         8          4          0          0          0          0   entry2.o
         4          0          0          0          0          0   entry5.o
         0          0          0          0          0          0   entry7b.o
         0          0          0          0          0          0   entry8b.o
         8          4          0          0          0          0   entry9a.o
        30          0          0          0          0          0   handlers.o
        36          8          0          0          0         68   init.o

    ----------------------------------------------------------------------
        86         16          0          0          0         68   Library Totals
         0          0          0          0          0          0   (incl. Padding)

    ----------------------------------------------------------------------

      Code (inc. data)   RO Data    RW Data    ZI Data      Debug   Library Name

        86         16          0          0          0         68   mc_w.l

    ----------------------------------------------------------------------
        86         16          0          0          0         68   Library Totals

    ----------------------------------------------------------------------

==============================================================================


      Code (inc. data)   RO Data    RW Data    ZI Data      Debug   

      4816       1164       2052         84       1060      31731   Grand Totals
      4816       1164       2052         84       1060      31731   ELF Image Totals
      4816       1164       2052         84          0          0   ROM Totals

==============================================================================

    Total RO  Size (Code + RO Data)                 6868 (   6.71kB)
    Total RW  Size (RW Data + ZI Data)              1144 (   1.12kB)
    Total ROM Size (Code + RO Data + RW Data)       6952 (   6.79kB)

==============================================================================

