ARM Linker, 5.03 [Build 76] [MDK-ARM Lite]

==============================================================================

Section Cross References

    startup.o(STACK) refers (Special) to heapauxi.o(.text) for __use_two_region_memory
    startup.o(HEAP) refers (Special) to heapauxi.o(.text) for __use_two_region_memory
    startup.o(RESET) refers (Special) to heapauxi.o(.text) for __use_two_region_memory
    startup.o(RESET) refers to startup.o(STACK) for StackMem
    startup.o(RESET) refers to osasm.o(.text) for PendSV_Handler
    startup.o(RESET) refers to os.o(i.SysTick_Handler) for SysTick_Handler
    startup.o(RESET) refers to uart.o(i.UART0_Handler) for UART0_Handler
    startup.o(RESET) refers to adc.o(i.ADC0Seq3_Handler) for ADC0Seq3_Handler
    startup.o(RESET) refers to __main.o(!!!main) for __main
    startup.o(.text) refers (Special) to heapauxi.o(.text) for __use_two_region_memory
    startup.o(.text) refers to startup.o(HEAP) for HeapMem
    startup.o(.text) refers to startup.o(STACK) for StackMem
    systick.o(i.SysTick_Wait10ms) refers to systick.o(i.SysTick_Wait) for SysTick_Wait
    adc.o(i.ADC0Seq3_Handler) refers to uart.o(i.UART_OutUDec) for UART_OutUDec
    adc.o(i.ADC0Seq3_Handler) refers to uart.o(i.UART_OutString) for UART_OutString
    adc.o(i.ADC0Seq3_Handler) refers to adc.o(.data) for ADCvalue
    adc.o(i.ADC_Collect) refers to startup.o(.text) for DisableInterrupts
    adc.o(i.ADC_Collect) refers to adc.o(.data) for start_collection
    adc.o(i.ADC_In) refers to adc.o(.data) for ADCvalue
    adc.o(i.ADC_Open) refers to startup.o(.text) for DisableInterrupts
    os.o(i.OS_AddThread) refers to startup.o(.text) for StartCritical
    os.o(i.OS_AddThread) refers to os.o(i.SetInitialStack) for SetInitialStack
    os.o(i.OS_AddThread) refers to os.o(.data) for first_thread
    os.o(i.OS_AddThread) refers to os.o(.bss) for tcbs
    os.o(i.OS_ClearMsTime) refers to os.o(.data) for time
    os.o(i.OS_Fifo_Get) refers to os.o(.data) for fifo_tail
    os.o(i.OS_Fifo_Get) refers to os.o(.bss) for OS_Fifo
    os.o(i.OS_Fifo_Init) refers to os.o(.data) for fifo_head
    os.o(i.OS_Fifo_Put) refers to os.o(.data) for fifo_head
    os.o(i.OS_Fifo_Put) refers to os.o(.bss) for OS_Fifo
    os.o(i.OS_Fifo_Size) refers to os.o(.data) for fifo_head
    os.o(i.OS_Id) refers to os.o(.data) for RunPt
    os.o(i.OS_Init) refers to osasm.o(.text) for OS_DisableInterrupts
    os.o(i.OS_Init) refers to pll.o(i.PLL_Init) for PLL_Init
    os.o(i.OS_Init) refers to uart.o(i.UART_Init) for UART_Init
    os.o(i.OS_Launch) refers to osasm.o(.text) for StartOS
    os.o(i.OS_Launch) refers to os.o(.bss) for tcbs
    os.o(i.OS_Launch) refers to os.o(.data) for RunPt
    os.o(i.OS_Signal) refers to osasm.o(.text) for OS_DisableInterrupts
    os.o(i.OS_Sleep) refers to os.o(i.OS_Suspend) for OS_Suspend
    os.o(i.OS_Sleep) refers to os.o(.data) for RunPt
    os.o(i.OS_Suspend) refers to os.o(i.scheduler) for scheduler
    os.o(i.OS_Time) refers to os.o(.data) for time
    os.o(i.OS_Wait) refers to osasm.o(.text) for OS_DisableInterrupts
    os.o(i.OS_Wait) refers to os.o(i.OS_Suspend) for OS_Suspend
    os.o(i.OS_bSignal) refers to osasm.o(.text) for OS_DisableInterrupts
    os.o(i.OS_bWait) refers to osasm.o(.text) for OS_DisableInterrupts
    os.o(i.OS_bWait) refers to os.o(i.OS_Suspend) for OS_Suspend
    os.o(i.SetInitialStack) refers to os.o(.bss) for Stacks
    os.o(i.SysTick_Handler) refers to os.o(i.scheduler) for scheduler
    os.o(i.SysTick_Handler) refers to os.o(i.sleeper) for sleeper
    os.o(i.SysTick_Handler) refers to os.o(.data) for time
    os.o(i.scheduler) refers to os.o(.data) for NextRunPt
    os.o(i.sleeper) refers to os.o(.bss) for tcbs
    st7735.o(i.Output_Clear) refers to st7735.o(i.ST7735_FillScreen) for ST7735_FillScreen
    st7735.o(i.Output_Color) refers to st7735.o(i.ST7735_SetTextColor) for ST7735_SetTextColor
    st7735.o(i.Output_Init) refers to st7735.o(i.ST7735_InitR) for ST7735_InitR
    st7735.o(i.Output_Init) refers to st7735.o(i.ST7735_FillScreen) for ST7735_FillScreen
    st7735.o(i.Output_Off) refers to st7735.o(i.Output_Clear) for Output_Clear
    st7735.o(i.Output_On) refers to st7735.o(i.Output_Init) for Output_Init
    st7735.o(i.ST7735_DivideScreen) refers to st7735.o(i.ST7735_DrawFastHLine) for ST7735_DrawFastHLine
    st7735.o(i.ST7735_DrawBitmap) refers to st7735.o(i.setAddrWindow) for setAddrWindow
    st7735.o(i.ST7735_DrawBitmap) refers to st7735.o(i.writedata) for writedata
    st7735.o(i.ST7735_DrawBitmap) refers to st7735.o(.data) for _width
    st7735.o(i.ST7735_DrawChar) refers to st7735.o(i.setAddrWindow) for setAddrWindow
    st7735.o(i.ST7735_DrawChar) refers to st7735.o(i.pushColor) for pushColor
    st7735.o(i.ST7735_DrawChar) refers to st7735.o(.data) for _width
    st7735.o(i.ST7735_DrawChar) refers to st7735.o(.constdata) for Font
    st7735.o(i.ST7735_DrawCharS) refers to st7735.o(i.ST7735_DrawPixel) for ST7735_DrawPixel
[...]
    lab2.o(i.DAS) refers to lab2.o(.bss) for JitterHistogram
    lab2.o(i.Display) refers to st7735.o(i.ST7735_Message) for ST7735_Message
    lab2.o(i.Display) refers to os.o(i.OS_MailBox_Recv) for OS_MailBox_Recv
    lab2.o(i.Display) refers to os.o(i.OS_Kill) for OS_Kill
    lab2.o(i.Display) refers to lab2.o(.data) for NumSamples
    lab2.o(i.FillerThread8) refers to lab2.o(.data) for Count3
    lab2.o(i.Filter) refers to lab2.o(.data) for n
    lab2.o(i.Filter) refers to lab2.o(.bss) for x
    lab2.o(i.OutputThread) refers to uart.o(i.UART_OutString) for UART_OutString
    lab2.o(i.OutputThread) refers to os.o(i.OS_Sleep) for OS_Sleep
    lab2.o(i.OutputThread) refers to uart.o(i.UART_OutUDec) for UART_OutUDec
    lab2.o(i.OutputThread) refers to os.o(i.OS_Kill) for OS_Kill
    lab2.o(i.OutputThread) refers to lab2.o(.data) for SignalCount1
    lab2.o(i.PID) refers to os.o(i.OS_Id) for OS_Id
    lab2.o(i.PID) refers to pid_stm32.o(.text) for PID_stm32
    lab2.o(i.PID) refers to lab2.o(.data) for PIDWork
    lab2.o(i.Producer) refers to os.o(i.OS_Fifo_Put) for OS_Fifo_Put
    lab2.o(i.Producer) refers to lab2.o(.data) for NumSamples
    lab2.o(i.PseudoWork) refers to os.o(i.OS_Time) for OS_Time
    lab2.o(i.PseudoWork) refers to os.o(i.OS_TimeDifference) for OS_TimeDifference
    lab2.o(i.SW1Push) refers to os.o(i.OS_MsTime) for OS_MsTime
    lab2.o(i.SW1Push) refers to os.o(i.OS_AddThread) for OS_AddThread
    lab2.o(i.SW1Push) refers to os.o(i.OS_ClearMsTime) for OS_ClearMsTime
    lab2.o(i.SW1Push) refers to lab2.o(i.ButtonWork) for ButtonWork
    lab2.o(i.SW1Push) refers to lab2.o(.data) for NumCreated
    lab2.o(i.SW2Push) refers to os.o(i.OS_MsTime) for OS_MsTime
    lab2.o(i.SW2Push) refers to os.o(i.OS_AddThread) for OS_AddThread
    lab2.o(i.SW2Push) refers to os.o(i.OS_ClearMsTime) for OS_ClearMsTime
    lab2.o(i.SW2Push) refers to lab2.o(i.ButtonWork) for ButtonWork
    lab2.o(i.SW2Push) refers to lab2.o(.data) for NumCreated
    lab2.o(i.Signal1) refers to os.o(i.OS_Signal) for OS_Signal
    lab2.o(i.Signal1) refers to lab2.o(.data) for SignalCount1
    lab2.o(i.Signal2) refers to os.o(i.OS_Signal) for OS_Signal
    lab2.o(i.Signal2) refers to lab2.o(.data) for SignalCount2
    lab2.o(i.Signal3) refers to os.o(i.OS_Signal) for OS_Signal
    lab2.o(i.Signal3) refers to os.o(i.OS_Kill) for OS_Kill
    lab2.o(i.Signal3) refers to lab2.o(.data) for s
    lab2.o(i.TaskA) refers to lab2.o(i.PseudoWork) for PseudoWork
    lab2.o(i.TaskA) refers to lab2.o(.data) for CountA
    lab2.o(i.TaskB) refers to lab2.o(i.PseudoWork) for PseudoWork
    lab2.o(i.TaskB) refers to lab2.o(.data) for CountB
    lab2.o(i.Testmain1) refers to os.o(i.OS_Init) for OS_Init
    lab2.o(i.Testmain1) refers to lab2.o(i.PortD_Init) for PortD_Init
    lab2.o(i.Testmain1) refers to os.o(i.OS_AddThread) for OS_AddThread
    lab2.o(i.Testmain1) refers to os.o(i.OS_Launch) for OS_Launch
    lab2.o(i.Testmain1) refers to lab2.o(.data) for NumCreated
    lab2.o(i.Testmain1) refers to lab2.o(i.Thread1) for Thread1
    lab2.o(i.Testmain1) refers to lab2.o(i.Thread2) for Thread2
    lab2.o(i.Testmain1) refers to lab2.o(i.Thread3) for Thread3
    lab2.o(i.Testmain3) refers to os.o(i.OS_Init) for OS_Init
    lab2.o(i.Testmain3) refers to os.o(i.OS_AddSW1Task) for OS_AddSW1Task
    lab2.o(i.Testmain3) refers to os.o(i.OS_AddThread) for OS_AddThread
    lab2.o(i.Testmain3) refers to os.o(i.OS_Launch) for OS_Launch
    lab2.o(i.Testmain3) refers to lab2.o(.data) for Count4
    lab2.o(i.Testmain3) refers to lab2.o(i.BackgroundThread5c) for BackgroundThread5c
    lab2.o(i.Testmain3) refers to lab2.o(i.Thread2c) for Thread2c
    lab2.o(i.Testmain3) refers to lab2.o(i.Thread3c) for Thread3c
    lab2.o(i.Testmain3) refers to lab2.o(i.Thread4c) for Thread4c
    lab2.o(i.Testmain4) refers to os.o(i.OS_Init) for OS_Init
    lab2.o(i.Testmain4) refers to os.o(i.OS_AddPeriodicThread) for OS_AddPeriodicThread
    lab2.o(i.Testmain4) refers to os.o(i.OS_AddSW1Task) for OS_AddSW1Task
    lab2.o(i.Testmain4) refers to os.o(i.OS_AddThread) for OS_AddThread
    lab2.o(i.Testmain4) refers to os.o(i.OS_Launch) for OS_Launch
    lab2.o(i.Testmain4) refers to lab2.o(.data) for Count4
    lab2.o(i.Testmain4) refers to lab2.o(i.BackgroundThread1d) for BackgroundThread1d
    lab2.o(i.Testmain4) refers to lab2.o(i.BackgroundThread5d) for BackgroundThread5d
    lab2.o(i.Testmain4) refers to lab2.o(i.Thread2d) for Thread2d
    lab2.o(i.Testmain4) refers to lab2.o(i.Thread3d) for Thread3d
    lab2.o(i.Testmain4) refers to lab2.o(i.Thread4d) for Thread4d
    lab2.o(i.Testmain5) refers to lab2.o(i.PortE_Init) for PortE_Init
    lab2.o(i.Testmain5) refers to os.o(i.OS_Init) for OS_Init
    lab2.o(i.Testmain5) refers to os.o(i.OS_AddThread) for OS_AddThread
    lab2.o(i.Testmain5) refers to os.o(i.OS_AddPeriodicThread) for OS_AddPeriodicThread
    lab2.o(i.Testmain5) refers to os.o(i.OS_Launch) for OS_Launch
    lab2.o(i.Testmain5) refers to lab2.o(.data) for NumCreated
    lab2.o(i.Testmain5) refers to lab2.o(i.Thread6) for Thread6
    lab2.o(i.Testmain5) refers to lab2.o(i.TaskA) for TaskA
    lab2.o(i.Testmain5) refers to lab2.o(i.TaskB) for TaskB
    lab2.o(i.Testmain6) refers to os.o(i.OS_Init) for OS_Init
    lab2.o(i.Testmain6) refers to lab2.o(i.add) for add
    lab2.o(i.Testmain6) refers to lab2.o(i.PortE_Init) for PortE_Init
    lab2.o(i.Testmain6) refers to os.o(i.OS_InitSemaphore) for OS_InitSemaphore
    lab2.o(i.Testmain6) refers to os.o(i.OS_AddPeriodicThread) for OS_AddPeriodicThread
    lab2.o(i.Testmain6) refers to os.o(i.OS_AddThread) for OS_AddThread
    lab2.o(i.Testmain6) refers to os.o(i.OS_Launch) for OS_Launch
    lab2.o(i.Testmain6) refers to lab2.o(.data) for SignalCount1
    lab2.o(i.Testmain6) refers to lab2.o(i.Signal1) for Signal1
    lab2.o(i.Testmain6) refers to lab2.o(i.Signal2) for Signal2
    lab2.o(i.Testmain6) refers to lab2.o(i.Thread6) for Thread6
    lab2.o(i.Testmain6) refers to lab2.o(i.OutputThread) for OutputThread
    lab2.o(i.Testmain6) refers to lab2.o(i.Signal3) for Signal3
    lab2.o(i.Testmain6) refers to lab2.o(i.Wait1) for Wait1
    lab2.o(i.Testmain6) refers to lab2.o(i.Wait2) for Wait2
    lab2.o(i.Testmain6) refers to lab2.o(i.Wait3) for Wait3
    lab2.o(i.Testmain7) refers to lab2.o(i.PortE_Init) for PortE_Init
    lab2.o(i.Testmain7) refers to os.o(i.OS_Init) for OS_Init
    lab2.o(i.Testmain7) refers to os.o(i.OS_AddThread) for OS_AddThread
    lab2.o(i.Testmain7) refers to os.o(i.OS_Launch) for OS_Launch
    lab2.o(i.Testmain7) refers to lab2.o(.data) for NumCreated
    lab2.o(i.Testmain7) refers to lab2.o(i.Thread8) for Thread8
    lab2.o(i.Testmain8) refers to os.o(i.OS_Init) for OS_Init
    lab2.o(i.Testmain8) refers to os.o(i.OS_AddPeriodicThread) for OS_AddPeriodicThread
    lab2.o(i.Testmain8) refers to os.o(i.OS_Fifo_Init) for OS_Fifo_Init
    lab2.o(i.Testmain8) refers to os.o(i.OS_AddThread) for OS_AddThread
    lab2.o(i.Testmain8) refers to os.o(i.OS_Launch) for OS_Launch
    lab2.o(i.Testmain8) refers to lab2.o(.data) for Count1
    lab2.o(i.Testmain8) refers to lab2.o(i.BackgroundThread8Producer) for BackgroundThread8Producer
    lab2.o(i.Testmain8) refers to lab2.o(i.ConsumerThread8) for ConsumerThread8
    lab2.o(i.Testmain8) refers to lab2.o(i.FillerThread8) for FillerThread8
    lab2.o(i.Thread1) refers to os.o(i.OS_Suspend) for OS_Suspend
    lab2.o(i.Thread1) refers to lab2.o(.data) for Count1
    lab2.o(i.Thread1b) refers to lab2.o(.data) for Count1
    lab2.o(i.Thread2) refers to os.o(i.OS_Suspend) for OS_Suspend
    lab2.o(i.Thread2) refers to lab2.o(.data) for Count2
    lab2.o(i.Thread2b) refers to lab2.o(.data) for Count2
    lab2.o(i.Thread2c) refers to os.o(i.OS_InitSemaphore) for OS_InitSemaphore
    lab2.o(i.Thread2c) refers to os.o(i.OS_AddThread) for OS_AddThread
    lab2.o(i.Thread2c) refers to os.o(i.OS_AddPeriodicThread) for OS_AddPeriodicThread
    lab2.o(i.Thread2c) refers to os.o(i.OS_Wait) for OS_Wait
    lab2.o(i.Thread2c) refers to lab2.o(.data) for Readyc
    lab2.o(i.Thread2c) refers to lab2.o(i.Thread5c) for Thread5c
    lab2.o(i.Thread2c) refers to lab2.o(i.BackgroundThread1c) for BackgroundThread1c
    lab2.o(i.Thread2d) refers to os.o(i.OS_InitSemaphore) for OS_InitSemaphore
    lab2.o(i.Thread2d) refers to os.o(i.OS_bWait) for OS_bWait
    lab2.o(i.Thread2d) refers to lab2.o(.data) for Readyd
    lab2.o(i.Thread3) refers to os.o(i.OS_Suspend) for OS_Suspend
    lab2.o(i.Thread3) refers to lab2.o(.data) for Count3
    lab2.o(i.Thread3b) refers to lab2.o(.data) for Count3
    lab2.o(i.Thread3c) refers to lab2.o(.data) for Count3
    lab2.o(i.Thread3d) refers to lab2.o(.data) for Count3
    lab2.o(i.Thread4c) refers to os.o(i.OS_Sleep) for OS_Sleep
    lab2.o(i.Thread4c) refers to os.o(i.OS_Kill) for OS_Kill
    lab2.o(i.Thread4c) refers to lab2.o(.data) for Count4
    lab2.o(i.Thread4d) refers to os.o(i.OS_Sleep) for OS_Sleep
    lab2.o(i.Thread4d) refers to os.o(i.OS_Kill) for OS_Kill
    lab2.o(i.Thread4d) refers to lab2.o(.data) for Count4
    lab2.o(i.Thread5c) refers to os.o(i.OS_Wait) for OS_Wait
    lab2.o(i.Thread5c) refers to lab2.o(.data) for Readyc
    lab2.o(i.Thread6) refers to lab2.o(.data) for Count1
    lab2.o(i.Wait1) refers to os.o(i.OS_Wait) for OS_Wait
    lab2.o(i.Wait1) refers to lab2.o(.data) for s
    lab2.o(i.Wait2) refers to os.o(i.OS_Wait) for OS_Wait
    lab2.o(i.Wait2) refers to lab2.o(.data) for s
    lab2.o(i.Wait3) refers to os.o(i.OS_Wait) for OS_Wait
    lab2.o(i.Wait3) refers to lab2.o(.data) for s
    lab2.o(i.add) refers to lab2.o(.data) for result
    lab2.o(i.main) refers to os.o(i.OS_Init) for OS_Init
    lab2.o(i.main) refers to lab2.o(i.PortD_Init) for PortD_Init
    lab2.o(i.main) refers to uart.o(i.UART_Init) for UART_Init
    lab2.o(i.main) refers to st7735.o(i.ST7735_InitR) for ST7735_InitR
    lab2.o(i.main) refers to st7735.o(i.ST7735_FillScreen) for ST7735_FillScreen
    lab2.o(i.main) refers to st7735.o(i.ST7735_DivideScreen) for ST7735_DivideScreen
    lab2.o(i.main) refers to os.o(i.OS_AddThread) for OS_AddThread
    lab2.o(i.main) refers to os.o(i.OS_Launch) for OS_Launch
    lab2.o(i.main) refers to lab2.o(.data) for NumCreated
    lab2.o(i.main) refers to lab2.o(i.Thread1b) for Thread1b
    lab2.o(i.main) refers to lab2.o(i.Thread2b) for Thread2b
    lab2.o(i.main) refers to lab2.o(i.Thread3b) for Thread3b
    lab2.o(i.realmain) refers to os.o(i.OS_Init) for OS_Init
    lab2.o(i.realmain) refers to lab2.o(i.PortE_Init) for PortE_Init
    lab2.o(i.realmain) refers to os.o(i.OS_MailBox_Init) for OS_MailBox_Init
    lab2.o(i.realmain) refers to os.o(i.OS_Fifo_Init) for OS_Fifo_Init
    lab2.o(i.realmain) refers to os.o(i.OS_AddSW1Task) for OS_AddSW1Task
    lab2.o(i.realmain) refers to os.o(i.OS_AddPeriodicThread) for OS_AddPeriodicThread
    lab2.o(i.realmain) refers to os.o(i.OS_AddThread) for OS_AddThread
    lab2.o(i.realmain) refers to os.o(i.OS_Launch) for OS_Launch
    lab2.o(i.realmain) refers to lab2.o(.data) for DataLost
    lab2.o(i.realmain) refers to lab2.o(i.SW1Push) for SW1Push
    lab2.o(i.realmain) refers to lab2.o(i.DAS) for DAS
    lab2.o(i.realmain) refers to lab2.o(i.Consumer) for Consumer
    lab2.o(i.realmain) refers to lab2.o(i.PID) for PID
    pid_stm32.o(.text) refers to lab2.o(.data) for IntTerm
    __main.o(!!!main) refers to rtentry.o(.ARM.Collect$$rtentry$$00000000) for __rt_entry
    rtentry.o(.ARM.Collect$$rtentry$$00000000) refers (Special) to rtentry2.o(.ARM.Collect$$rtentry$$0000000A) for __rt_entry_li
    rtentry.o(.ARM.Collect$$rtentry$$00000000) refers (Special) to rtentry2.o(.ARM.Collect$$rtentry$$0000000D) for __rt_entry_main
    rtentry.o(.ARM.Collect$$rtentry$$00000000) refers (Special) to rtentry2.o(.ARM.Collect$$rtentry$$0000000C) for __rt_entry_postli_1
    rtentry.o(.ARM.Collect$$rtentry$$00000000) refers (Special) to rtentry2.o(.ARM.Collect$$rtentry$$00000009) for __rt_entry_postsh_1
    rtentry.o(.ARM.Collect$$rtentry$$00000000) refers (Special) to rtentry2.o(.ARM.Collect$$rtentry$$00000002) for __rt_entry_presh_1
    rtentry.o(.ARM.Collect$$rtentry$$00000000) refers (Special) to rtentry4.o(.ARM.Collect$$rtentry$$00000004) for __rt_entry_sh
    rtentry2.o(.ARM.Collect$$rtentry$$00000008) refers to boardinit2.o(.text) for _platform_post_stackheap_init
    rtentry2.o(.ARM.Collect$$rtentry$$0000000A) refers to libinit.o(.ARM.Collect$$libinit$$00000000) for __rt_lib_init
    rtentry2.o(.ARM.Collect$$rtentry$$0000000B) refers to boardinit3.o(.text) for _platform_post_lib_init
    rtentry2.o(.ARM.Collect$$rtentry$$0000000D) refers to lab2.o(i.main) for main
    rtentry2.o(.ARM.Collect$$rtentry$$0000000D) refers to exit.o(.text) for exit
    rtentry2.o(.ARM.exidx) refers to rtentry2.o(.ARM.Collect$$rtentry$$00000001) for .ARM.Collect$$rtentry$$00000001
    rtentry2.o(.ARM.exidx) refers to rtentry2.o(.ARM.Collect$$rtentry$$00000008) for .ARM.Collect$$rtentry$$00000008
    rtentry2.o(.ARM.exidx) refers to rtentry2.o(.ARM.Collect$$rtentry$$0000000A) for .ARM.Collect$$rtentry$$0000000A
    rtentry2.o(.ARM.exidx) refers to rtentry2.o(.ARM.Collect$$rtentry$$0000000B) for .ARM.Collect$$rtentry$$0000000B
    rtentry2.o(.ARM.exidx) refers to rtentry2.o(.ARM.Collect$$rtentry$$0000000D) for .ARM.Collect$$rtentry$$0000000D
    rtentry4.o(.ARM.Collect$$rtentry$$00000004) refers to sys_stackheap_outer.o(.text) for __user_setup_stackheap
    rtentry4.o(.ARM.exidx) refers to rtentry4.o(.ARM.Collect$$rtentry$$00000004) for .ARM.Collect$$rtentry$$00000004
    sys_stackheap_outer.o(.text) refers to libspace.o(.text) for __user_perproc_libspace
    sys_stackheap_outer.o(.text) refers to startup.o(.text) for __user_initial_stackheap
    exit.o(.text) refers to rtexit.o(.ARM.Collect$$rtexit$$00000000) for __rt_exit
    libinit.o(.ARM.Collect$$libinit$$00000000) refers (Special) to libinit2.o(.ARM.Collect$$libinit$$0000002C) for __rt_lib_init_alloca_1
    libinit.o(.ARM.Collect$$libinit$$00000000) refers (Special) to libinit2.o(.ARM.Collect$$libinit$$0000002A) for __rt_lib_init_argv_1
    libinit.o(.ARM.Collect$$libinit$$00000000) refers (Special) to libinit2.o(.ARM.Collect$$libinit$$00000019) for __rt_lib_init_atexit_1
    libinit.o(.ARM.Collect$$libinit$$00000000) refers (Special) to libinit2.o(.ARM.Collect$$libinit$$0000001F) for __rt_lib_init_clock_1
    libinit.o(.ARM.Collect$$libinit$$00000000) refers (Special) to libinit2.o(.ARM.Collect$$libinit$$00000030) for __rt_lib_init_cpp_1
    libinit.o(.ARM.Collect$$libinit$$00000000) refers (Special) to libinit2.o(.ARM.Collect$$libinit$$0000002E) for __rt_lib_init_exceptions_1
    libinit.o(.ARM.Collect$$libinit$$00000000) refers (Special) to libinit2.o(.ARM.Collect$$libinit$$00000002) for __rt_lib_init_fp_1
    libinit.o(.ARM.Collect$$libinit$$00000000) refers (Special) to libinit2.o(.ARM.Collect$$libinit$$0000001D) for __rt_lib_init_fp_trap_1
    libinit.o(.ARM.Collect$$libinit$$00000000) refers (Special) to libinit2.o(.ARM.Collect$$libinit$$00000021) for __rt_lib_init_getenv_1
    libinit.o(.ARM.Collect$$libinit$$00000000) refers (Special) to libinit2.o(.ARM.Collect$$libinit$$00000008) for __rt_lib_init_heap_1
    libinit.o(.ARM.Collect$$libinit$$00000000) refers (Special) to libinit2.o(.ARM.Collect$$libinit$$0000000F) for __rt_lib_init_lc_collate_1
    libinit.o(.ARM.Collect$$libinit$$00000000) refers (Special) to libinit2.o(.ARM.Collect$$libinit$$00000011) for __rt_lib_init_lc_ctype_1
    libinit.o(.ARM.Collect$$libinit$$00000000) refers (Special) to libinit2.o(.ARM.Collect$$libinit$$00000013) for __rt_lib_init_lc_monetary_1
    libinit.o(.ARM.Collect$$libinit$$00000000) refers (Special) to libinit2.o(.ARM.Collect$$libinit$$00000015) for __rt_lib_init_lc_numeric_1
    libinit.o(.ARM.Collect$$libinit$$00000000) refers (Special) to libinit2.o(.ARM.Collect$$libinit$$00000017) for __rt_lib_init_lc_time_1
    libinit.o(.ARM.Collect$$libinit$$00000000) refers (Special) to libinit2.o(.ARM.Collect$$libinit$$0000000C) for __rt_lib_init_rand_1
    libinit.o(.ARM.Collect$$libinit$$00000000) refers (Special) to libinit2.o(.ARM.Collect$$libinit$$00000031) for __rt_lib_init_return
    libinit.o(.ARM.Collect$$libinit$$00000000) refers (Special) to libinit2.o(.ARM.Collect$$libinit$$0000001B) for __rt_lib_init_signal_1
    libinit.o(.ARM.Collect$$libinit$$00000000) refers (Special) to libinit2.o(.ARM.Collect$$libinit$$00000023) for __rt_lib_init_stdio_1
    libinit.o(.ARM.Collect$$libinit$$00000000) refers (Special) to libinit2.o(.ARM.Collect$$libinit$$0000000A) for __rt_lib_init_user_alloc_1
    libspace.o(.text) refers to libspace.o(.bss) for __libspace_start
    rtexit.o(.ARM.Collect$$rtexit$$00000000) refers (Special) to rtexit2.o(.ARM.Collect$$rtexit$$00000004) for __rt_exit_exit
    rtexit.o(.ARM.Collect$$rtexit$$00000000) refers (Special) to rtexit2.o(.ARM.Collect$$rtexit$$00000003) for __rt_exit_ls
    rtexit.o(.ARM.Collect$$rtexit$$00000000) refers (Special) to rtexit2.o(.ARM.Collect$$rtexit$$00000002) for __rt_exit_prels_1
    rtexit.o(.ARM.exidx) refers (Special) to rtexit2.o(.ARM.Collect$$rtexit$$00000004) for __rt_exit_exit
    rtexit.o(.ARM.exidx) refers (Special) to rtexit2.o(.ARM.Collect$$rtexit$$00000003) for __rt_exit_ls
    rtexit.o(.ARM.exidx) refers (Special) to rtexit2.o(.ARM.Collect$$rtexit$$00000002) for __rt_exit_prels_1
    rtexit.o(.ARM.exidx) refers to rtexit.o(.ARM.Collect$$rtexit$$00000000) for .ARM.Collect$$rtexit$$00000000
    libinit2.o(.ARM.Collect$$libinit$$0000000E) refers to libinit2.o(.ARM.Collect$$libinit$$0000000D) for .ARM.Collect$$libinit$$0000000D
    libinit2.o(.ARM.Collect$$libinit$$00000010) refers to libinit2.o(.ARM.Collect$$libinit$$0000000D) for .ARM.Collect$$libinit$$0000000D
    libinit2.o(.ARM.Collect$$libinit$$00000012) refers to libinit2.o(.ARM.Collect$$libinit$$0000000D) for .ARM.Collect$$libinit$$0000000D
    libinit2.o(.ARM.Collect$$libinit$$00000014) refers to libinit2.o(.ARM.Collect$$libinit$$0000000D) for .ARM.Collect$$libinit$$0000000D
    libinit2.o(.ARM.Collect$$libinit$$00000016) refers to libinit2.o(.ARM.Collect$$libinit$$0000000D) for .ARM.Collect$$libinit$$0000000D
    libinit2.o(.ARM.Collect$$libinit$$00000024) refers to argv_veneer.o(.emb_text) for __ARM_argv_veneer
    libinit2.o(.ARM.Collect$$libinit$$00000025) refers to argv_veneer.o(.emb_text) for __ARM_argv_veneer
    rtexit2.o(.ARM.Collect$$rtexit$$00000003) refers to libshutdown.o(.ARM.Collect$$libshutdown$$00000000) for __rt_lib_shutdown
    rtexit2.o(.ARM.Collect$$rtexit$$00000004) refers to sys_exit.o(.text) for _sys_exit
    rtexit2.o(.ARM.exidx) refers to rtexit2.o(.ARM.Collect$$rtexit$$00000001) for .ARM.Collect$$rtexit$$00000001
    rtexit2.o(.ARM.exidx) refers to rtexit2.o(.ARM.Collect$$rtexit$$00000003) for .ARM.Collect$$rtexit$$00000003
    rtexit2.o(.ARM.exidx) refers to rtexit2.o(.ARM.Collect$$rtexit$$00000004) for .ARM.Collect$$rtexit$$00000004
    argv_veneer.o(.emb_text) refers to no_argv.o(.text) for __ARM_get_argv
    sys_exit.o(.text) refers (Special) to use_no_semi.o(.text) for __I$use$semihosting
    sys_exit.o(.text) refers (Special) to indicate_semi.o(.text) for __semihosting_library_function
    _get_argv_nomalloc.o(.text) refers (Special) to hrguard.o(.text) for __heap_region$guard
    _get_argv_nomalloc.o(.text) refers to defsig_rtmem_outer.o(.text) for __rt_SIGRTMEM
    _get_argv_nomalloc.o(.text) refers to sys_command.o(.text) for _sys_command_string
    libshutdown.o(.ARM.Collect$$libshutdown$$00000000) refers (Special) to libshutdown2.o(.ARM.Collect$$libshutdown$$00000006) for __rt_lib_shutdown_fp_trap_1
    libshutdown.o(.ARM.Collect$$libshutdown$$00000000) refers (Special) to libshutdown2.o(.ARM.Collect$$libshutdown$$0000000E) for __rt_lib_shutdown_heap_1
    libshutdown.o(.ARM.Collect$$libshutdown$$00000000) refers (Special) to libshutdown2.o(.ARM.Collect$$libshutdown$$0000000F) for __rt_lib_shutdown_return
    libshutdown.o(.ARM.Collect$$libshutdown$$00000000) refers (Special) to libshutdown2.o(.ARM.Collect$$libshutdown$$00000009) for __rt_lib_shutdown_signal_1
    libshutdown.o(.ARM.Collect$$libshutdown$$00000000) refers (Special) to libshutdown2.o(.ARM.Collect$$libshutdown$$00000003) for __rt_lib_shutdown_stdio_1
    libshutdown.o(.ARM.Collect$$libshutdown$$00000000) refers (Special) to libshutdown2.o(.ARM.Collect$$libshutdown$$0000000B) for __rt_lib_shutdown_user_alloc_1
    sys_command.o(.text) refers (Special) to use_no_semi.o(.text) for __I$use$semihosting
    sys_command.o(.text) refers (Special) to indicate_semi.o(.text) for __semihosting_library_function
    defsig_rtmem_outer.o(.text) refers to defsig_rtmem_inner.o(.text) for __rt_SIGRTMEM_inner
    defsig_rtmem_outer.o(.text) refers to defsig_exit.o(.text) for __sig_exit
    defsig_rtmem_formal.o(.text) refers to rt_raise.o(.text) for __rt_raise
    rt_raise.o(.text) refers to __raise.o(.text) for __raise
    rt_raise.o(.text) refers to sys_exit.o(.text) for _sys_exit
    defsig_exit.o(.text) refers to sys_exit.o(.text) for _sys_exit
    defsig_rtmem_inner.o(.text) refers to defsig_general.o(.text) for __default_signal_display
    __raise.o(.text) refers to defsig.o(CL$$defsig) for __default_signal_handler
    defsig_general.o(.text) refers to sys_wrch.o(.text) for _ttywrch
    sys_wrch.o(.text) refers (Special) to use_no_semi.o(.text) for __I$use$semihosting
    sys_wrch.o(.text) refers (Special) to indicate_semi.o(.text) for __semihosting_library_function
    defsig.o(CL$$defsig) refers to defsig_rtmem_inner.o(.text) for __rt_SIGRTMEM_inner
    defsig_abrt_inner.o(.text) refers to defsig_general.o(.text) for __default_signal_display
    defsig_fpe_inner.o(.text) refers to defsig_general.o(.text) for __default_signal_display
    defsig_rtred_inner.o(.text) refers to defsig_general.o(.text) for __default_signal_display
    defsig_stak_inner.o(.text) refers to defsig_general.o(.text) for __default_signal_display
    defsig_pvfn_inner.o(.text) refers to defsig_general.o(.text) for __default_signal_display
    defsig_cppl_inner.o(.text) refers to defsig_general.o(.text) for __default_signal_display
    defsig_segv_inner.o(.text) refers to defsig_general.o(.text) for __default_signal_display
    defsig_other.o(.text) refers to defsig_general.o(.text) for __default_signal_display


==============================================================================

Removing Unused input sections from the image.

    Removing systick.o(i.SysTick_Init), (24 bytes).
    Removing systick.o(i.SysTick_Wait), (32 bytes).
    Removing systick.o(i.SysTick_Wait10ms), (28 bytes).
    Removing adc.o(i.ADC0_InitTimer0ATriggerSeq3PD3), (300 bytes).
    Removing adc.o(i.ADC_Collect), (1104 bytes).
    Removing adc.o(i.ADC_In), (12 bytes).
    Removing adc.o(i.ADC_Open), (1072 bytes).
    Removing os.o(i.OS_AddPeriodicThread), (6 bytes).
    Removing os.o(i.OS_AddSW1Task), (6 bytes).
    Removing os.o(i.OS_AddSW2Task), (6 bytes).
    Removing os.o(i.OS_ClearMsTime), (12 bytes).
    Removing os.o(i.OS_Fifo_Get), (68 bytes).
    Removing os.o(i.OS_Fifo_Init), (20 bytes).
    Removing os.o(i.OS_Fifo_Put), (88 bytes).
    Removing os.o(i.OS_Fifo_Size), (64 bytes).
    Removing os.o(i.OS_Id), (12 bytes).
    Removing os.o(i.OS_Kill), (2 bytes).
    Removing os.o(i.OS_MailBox_Init), (2 bytes).
    Removing os.o(i.OS_MailBox_Recv), (4 bytes).
    Removing os.o(i.OS_MailBox_Send), (2 bytes).
    Removing os.o(i.OS_MsTime), (4 bytes).
    Removing os.o(i.OS_Signal), (20 bytes).
    Removing os.o(i.OS_Sleep), (20 bytes).
    Removing os.o(i.OS_Time), (20 bytes).
    Removing os.o(i.OS_TimeDifference), (6 bytes).
    Removing os.o(i.OS_Wait), (40 bytes).
    Removing st7735.o(i.Output_Clear), (10 bytes).
    Removing st7735.o(i.Output_Color), (12 bytes).
    Removing st7735.o(i.Output_Init), (16 bytes).
    Removing st7735.o(i.Output_Off), (8 bytes).
    Removing st7735.o(i.Output_On), (8 bytes).
    Removing st7735.o(i.ST7735_Color565), (24 bytes).
    Removing st7735.o(i.ST7735_DrawBitmap), (288 bytes).
    Removing st7735.o(i.ST7735_DrawChar), (268 bytes).
    Removing st7735.o(i.ST7735_DrawCharS), (244 bytes).
    Removing st7735.o(i.ST7735_DrawFastVLine), (124 bytes).
    Removing st7735.o(i.ST7735_DrawPixel), (72 bytes).
    Removing st7735.o(i.ST7735_DrawString), (84 bytes).
    Removing st7735.o(i.ST7735_InitB), (40 bytes).
    Removing st7735.o(i.ST7735_InvertDisplay), (22 bytes).
    Removing st7735.o(i.ST7735_Message), (264 bytes).
    Removing st7735.o(i.ST7735_OutChar), (212 bytes).
    Removing st7735.o(i.ST7735_OutString), (22 bytes).
    Removing st7735.o(i.ST7735_OutUDec), (140 bytes).
    Removing st7735.o(i.ST7735_PlotBar), (88 bytes).
    Removing st7735.o(i.ST7735_PlotClear), (92 bytes).
    Removing st7735.o(i.ST7735_PlotLine), (264 bytes).
    Removing st7735.o(i.ST7735_PlotNext), (32 bytes).
    Removing st7735.o(i.ST7735_PlotNextErase), (64 bytes).
    Removing st7735.o(i.ST7735_PlotPoint), (152 bytes).
    Removing st7735.o(i.ST7735_PlotPoints), (172 bytes).
    Removing st7735.o(i.ST7735_PlotdBfs), (60 bytes).
    Removing st7735.o(i.ST7735_SetRotation), (212 bytes).
    Removing st7735.o(i.ST7735_SetTextColor), (12 bytes).
    Removing st7735.o(i.ST7735_SwapColor), (18 bytes).
    Removing st7735.o(i.error), (6 bytes).
    Removing st7735.o(i.fgetc), (6 bytes).
    Removing st7735.o(i.fillmessage), (72 bytes).
    Removing st7735.o(i.fputc), (16 bytes).
    Removing st7735.o(i.pushColor), (18 bytes).
    Removing st7735.o(.bss), (12 bytes).
    Removing uart.o(i.OutCRLF), (16 bytes).
    Removing uart.o(i.RxFifo_Get), (88 bytes).
    Removing uart.o(i.UART_InChar), (20 bytes).
    Removing uart.o(i.UART_InString), (70 bytes).
    Removing uart.o(i.UART_InUDec), (76 bytes).
    Removing uart.o(i.UART_InUHex), (108 bytes).
    Removing uart.o(i.UART_OutUHex), (52 bytes).
    Removing lab2.o(i.BackgroundThread1c), (28 bytes).
    Removing lab2.o(i.BackgroundThread1d), (56 bytes).
    Removing lab2.o(i.BackgroundThread5c), (32 bytes).
    Removing lab2.o(i.BackgroundThread5d), (32 bytes).
    Removing lab2.o(i.BackgroundThread8Producer), (44 bytes).
    Removing lab2.o(i.ButtonWork), (196 bytes).
    Removing lab2.o(i.Consumer), (132 bytes).
    Removing lab2.o(i.ConsumerThread8), (76 bytes).
    Removing lab2.o(i.DAS), (200 bytes).
    Removing lab2.o(i.Display), (108 bytes).
    Removing lab2.o(i.FillerThread8), (24 bytes).
    Removing lab2.o(i.Filter), (200 bytes).
    Removing lab2.o(i.OutputThread), (220 bytes).
    Removing lab2.o(i.PID), (124 bytes).
    Removing lab2.o(i.PortE_Init), (104 bytes).
    Removing lab2.o(i.Producer), (52 bytes).
    Removing lab2.o(i.PseudoWork), (32 bytes).
    Removing lab2.o(i.SW1Push), (48 bytes).
    Removing lab2.o(i.SW2Push), (48 bytes).
    Removing lab2.o(i.Signal1), (40 bytes).
    Removing lab2.o(i.Signal2), (40 bytes).
    Removing lab2.o(i.Signal3), (48 bytes).
    Removing lab2.o(i.TaskA), (44 bytes).
    Removing lab2.o(i.TaskB), (44 bytes).
    Removing lab2.o(i.Testmain1), (132 bytes).
    Removing lab2.o(i.Testmain3), (124 bytes).
    Removing lab2.o(i.Testmain4), (140 bytes).
    Removing lab2.o(i.Testmain5), (92 bytes).
    Removing lab2.o(i.Testmain6), (284 bytes).
    Removing lab2.o(i.Testmain7), (56 bytes).
    Removing lab2.o(i.Testmain8), (136 bytes).
    Removing lab2.o(i.Thread1), (52 bytes).
    Removing lab2.o(i.Thread2), (52 bytes).
    Removing lab2.o(i.Thread2c), (104 bytes).
    Removing lab2.o(i.Thread2d), (52 bytes).
    Removing lab2.o(i.Thread3), (52 bytes).
    Removing lab2.o(i.Thread3c), (24 bytes).
    Removing lab2.o(i.Thread3d), (24 bytes).
    Removing lab2.o(i.Thread4c), (44 bytes).
    Removing lab2.o(i.Thread4d), (40 bytes).
    Removing lab2.o(i.Thread5c), (60 bytes).
    Removing lab2.o(i.Thread6), (40 bytes).
    Removing lab2.o(i.Thread8), (20 bytes).
    Removing lab2.o(i.Wait1), (28 bytes).
    Removing lab2.o(i.Wait2), (28 bytes).
    Removing lab2.o(i.Wait3), (28 bytes).
    Removing lab2.o(i.add), (20 bytes).
    Removing lab2.o(i.realmain), (148 bytes).
    Removing lab2.o(.bss), (816 bytes).
    Removing lab2.o(.constdata), (4 bytes).
    Removing cr4_fft_64_stm32.o(.text), (718 bytes).
    Removing pid_stm32.o(.text), (72 bytes).

120 unused section(s) (total 11920 bytes) removed from the image.

==============================================================================

Image Symbol Table

    Local Symbols

    Symbol Name                              Value     Ov Type        Size  Object(Section)

    RESET                                    0x00000000   Section      644  startup.o(RESET)
    ../clib/angel/boardlib.s                 0x00000000   Number         0  boardshut.o ABSOLUTE
    ../clib/angel/boardlib.s                 0x00000000   Number         0  boardinit2.o ABSOLUTE
    ../clib/angel/boardlib.s                 0x00000000   Number         0  boardinit1.o ABSOLUTE
    ../clib/angel/boardlib.s                 0x00000000   Number         0  boardinit3.o ABSOLUTE
    ../clib/angel/handlers.s                 0x00000000   Number         0  __scatter_copy.o ABSOLUTE
    ../clib/angel/handlers.s                 0x00000000   Number         0  __scatter_zi.o ABSOLUTE
    ../clib/angel/kernel.s                   0x00000000   Number         0  rtentry4.o ABSOLUTE
    ../clib/angel/kernel.s                   0x00000000   Number         0  rtexit.o ABSOLUTE
    ../clib/angel/kernel.s                   0x00000000   Number         0  rtentry.o ABSOLUTE
    ../clib/angel/kernel.s                   0x00000000   Number         0  rtentry2.o ABSOLUTE
    ../clib/angel/kernel.s                   0x00000000   Number         0  rtexit2.o ABSOLUTE
    ../clib/angel/rt.s                       0x00000000   Number         0  rt_raise.o ABSOLUTE
    ../clib/angel/scatter.s                  0x00000000   Number         0  __scatter.o ABSOLUTE
    ../clib/angel/startup.s                  0x00000000   Number         0  __main.o ABSOLUTE
    ../clib/angel/sys.s                      0x00000000   Number         0  sys_stackheap_outer.o ABSOLUTE
    ../clib/angel/sys.s                      0x00000000   Number         0  libspace.o ABSOLUTE
    ../clib/angel/sys.s                      0x00000000   Number         0  indicate_semi.o ABSOLUTE
    ../clib/angel/sys.s                      0x00000000   Number         0  use_no_semi.o ABSOLUTE
    ../clib/angel/sysapp.c                   0x00000000   Number         0  sys_wrch.o ABSOLUTE
    ../clib/angel/sysapp.c                   0x00000000   Number         0  sys_command.o ABSOLUTE
    ../clib/angel/sysapp.c                   0x00000000   Number         0  sys_exit.o ABSOLUTE
    ../clib/armsys.c                         0x00000000   Number         0  argv_veneer.o ABSOLUTE
    ../clib/armsys.c                         0x00000000   Number         0  _get_argv_nomalloc.o ABSOLUTE
    ../clib/armsys.c                         0x00000000   Number         0  argv_veneer.o ABSOLUTE
    ../clib/armsys.c                         0x00000000   Number         0  no_argv.o ABSOLUTE
    ../clib/heapalloc.c                      0x00000000   Number         0  hrguard.o ABSOLUTE
    ../clib/heapaux.c                        0x00000000   Number         0  heapauxi.o ABSOLUTE
    ../clib/libinit.s                        0x00000000   Number         0  libshutdown.o ABSOLUTE
    ../clib/libinit.s                        0x00000000   Number         0  libshutdown2.o ABSOLUTE
    ../clib/libinit.s                        0x00000000   Number         0  libinit2.o ABSOLUTE
    ../clib/libinit.s                        0x00000000   Number         0  libinit.o ABSOLUTE
    ../clib/signal.c                         0x00000000   Number         0  defsig_cppl_inner.o ABSOLUTE
    ../clib/signal.c                         0x00000000   Number         0  defsig_pvfn_inner.o ABSOLUTE
    ../clib/signal.c                         0x00000000   Number         0  defsig_stak_inner.o ABSOLUTE
    ../clib/signal.c                         0x00000000   Number         0  defsig_rtmem_inner.o ABSOLUTE
    ../clib/signal.c                         0x00000000   Number         0  __raise.o ABSOLUTE
    ../clib/signal.c                         0x00000000   Number         0  defsig_exit.o ABSOLUTE
    ../clib/signal.c                         0x00000000   Number         0  defsig_rtmem_outer.o ABSOLUTE
    ../clib/signal.c                         0x00000000   Number         0  defsig_rtmem_formal.o ABSOLUTE
    ../clib/signal.c                         0x00000000   Number         0  defsig_general.o ABSOLUTE
    ../clib/signal.c                         0x00000000   Number         0  defsig_abrt_inner.o ABSOLUTE
    ../clib/signal.c                         0x00000000   Number         0  defsig_fpe_inner.o ABSOLUTE
    ../clib/signal.c                         0x00000000   Number         0  defsig_segv_inner.o ABSOLUTE
    ../clib/signal.c                         0x00000000   Number         0  defsig_other.o ABSOLUTE
    ../clib/signal.c                         0x00000000   Number         0  defsig_rtred_inner.o ABSOLUTE
    ../clib/signal.s                         0x00000000   Number         0  defsig.o ABSOLUTE
    ../clib/stdlib.c                         0x00000000   Number         0  exit.o ABSOLUTE
    ../fplib/fpinit.s                        0x00000000   Number         0  fpinit.o ABSOLUTE
    ADC.c                                    0x00000000   Number         0  adc.o ABSOLUTE
    Lab2.c                                   0x00000000   Number         0  lab2.o ABSOLUTE
    OS.c                                     0x00000000   Number         0  os.o ABSOLUTE
    OSasm.s                                  0x00000000   Number         0  osasm.o ABSOLUTE
    PID_stm32.s                              0x00000000   Number         0  pid_stm32.o ABSOLUTE
    PLL.c                                    0x00000000   Number         0  pll.o ABSOLUTE
    ST7735.c                                 0x00000000   Number         0  st7735.o ABSOLUTE
    SysTick.c                                0x00000000   Number         0  systick.o ABSOLUTE
    UART.c                                   0x00000000   Number         0  uart.o ABSOLUTE
    cr4_fft_64_stm32.s                       0x00000000   Number         0  cr4_fft_64_stm32.o ABSOLUTE
    dc.s                                     0x00000000   Number         0  dc.o ABSOLUTE
    startup.s                                0x00000000   Number         0  startup.o ABSOLUTE
    !!!main                                  0x00000284   Section        8  __main.o(!!!main)
    !!!scatter                               0x0000028c   Section       52  __scatter.o(!!!scatter)
    !!handler_copy                           0x000002c0   Section       26  __scatter_copy.o(!!handler_copy)
    !!handler_zi                             0x000002dc   Section       28  __scatter_zi.o(!!handler_zi)
    .ARM.Collect$$libinit$$00000000          0x000002f8   Section        2  libinit.o(.ARM.Collect$$libinit$$00000000)
    .ARM.Collect$$libinit$$00000002          0x000002fa   Section        0  libinit2.o(.ARM.Collect$$libinit$$00000002)
    .ARM.Collect$$libinit$$00000008          0x000002fa   Section        0  libinit2.o(.ARM.Collect$$libinit$$00000008)
    .ARM.Collect$$libinit$$0000000A          0x000002fa   Section        0  libinit2.o(.ARM.Collect$$libinit$$0000000A)
    .ARM.Collect$$libinit$$0000000C          0x000002fa   Section        0  libinit2.o(.ARM.Collect$$libinit$$0000000C)
    .ARM.Collect$$libinit$$0000000F          0x000002fa   Section        0  libinit2.o(.ARM.Collect$$libinit$$0000000F)
    .ARM.Collect$$libinit$$00000011          0x000002fa   Section        0  libinit2.o(.ARM.Collect$$libinit$$00000011)
    .ARM.Collect$$libinit$$00000013          0x000002fa   Section        0  libinit2.o(.ARM.Collect$$libinit$$00000013)
    .ARM.Collect$$libinit$$00000015          0x000002fa   Section        0  libinit2.o(.ARM.Collect$$libinit$$00000015)
    .ARM.Collect$$libinit$$00000017          0x000002fa   Section        0  libinit2.o(.ARM.Collect$$libinit$$00000017)
    .ARM.Collect$$libinit$$00000019          0x000002fa   Section        0  libinit2.o(.ARM.Collect$$libinit$$00000019)
    .ARM.Collect$$libinit$$0000001B          0x000002fa   Section        0  libinit2.o(.ARM.Collect$$libinit$$0000001B)
    .ARM.Collect$$libinit$$0000001D          0x000002fa   Section        0  libinit2.o(.ARM.Collect$$libinit$$0000001D)
    .ARM.Collect$$libinit$$0000001F          0x000002fa   Section        0  libinit2.o(.ARM.Collect$$libinit$$0000001F)
    .ARM.Collect$$libinit$$00000021          0x000002fa   Section        0  libinit2.o(.ARM.Collect$$libinit$$00000021)
    .ARM.Collect$$libinit$$00000023          0x000002fa   Section        0  libinit2.o(.ARM.Collect$$libinit$$00000023)
    .ARM.Collect$$libinit$$0000002A          0x000002fa   Section        0  libinit2.o(.ARM.Collect$$libinit$$0000002A)
    .ARM.Collect$$libinit$$0000002C          0x000002fa   Section        0  libinit2.o(.ARM.Collect$$libinit$$0000002C)
    .ARM.Collect$$libinit$$0000002E          0x000002fa   Section        0  libinit2.o(.ARM.Collect$$libinit$$0000002E)
    .ARM.Collect$$libinit$$00000030          0x000002fa   Section        0  libinit2.o(.ARM.Collect$$libinit$$00000030)
    .ARM.Collect$$libinit$$00000031          0x000002fa   Section        2  libinit2.o(.ARM.Collect$$libinit$$00000031)
    .ARM.Collect$$libshutdown$$00000000      0x000002fc   Section        2  libshutdown.o(.ARM.Collect$$libshutdown$$00000000)
    .ARM.Collect$$libshutdown$$00000003      0x000002fe   Section        0  libshutdown2.o(.ARM.Collect$$libshutdown$$00000003)
    .ARM.Collect$$libshutdown$$00000006      0x000002fe   Section        0  libshutdown2.o(.ARM.Collect$$libshutdown$$00000006)
    .ARM.Collect$$libshutdown$$00000009      0x000002fe   Section        0  libshutdown2.o(.ARM.Collect$$libshutdown$$00000009)
    .ARM.Collect$$libshutdown$$0000000B      0x000002fe   Section        0  libshutdown2.o(.ARM.Collect$$libshutdown$$0000000B)
    .ARM.Collect$$libshutdown$$0000000E      0x000002fe   Section        0  libshutdown2.o(.ARM.Collect$$libshutdown$$0000000E)
    .ARM.Collect$$libshutdown$$0000000F      0x000002fe   Section        2  libshutdown2.o(.ARM.Collect$$libshutdown$$0000000F)
    .ARM.Collect$$rtentry$$00000000          0x00000300   Section        0  rtentry.o(.ARM.Collect$$rtentry$$00000000)
    .ARM.Collect$$rtentry$$00000002          0x00000300   Section        0  rtentry2.o(.ARM.Collect$$rtentry$$00000002)
    .ARM.Collect$$rtentry$$00000004          0x00000300   Section        6  rtentry4.o(.ARM.Collect$$rtentry$$00000004)
    .ARM.Collect$$rtentry$$00000009          0x00000306   Section        0  rtentry2.o(.ARM.Collect$$rtentry$$00000009)
    .ARM.Collect$$rtentry$$0000000A          0x00000306   Section        4  rtentry2.o(.ARM.Collect$$rtentry$$0000000A)
    .ARM.Collect$$rtentry$$0000000C          0x0000030a   Section        0  rtentry2.o(.ARM.Collect$$rtentry$$0000000C)
    .ARM.Collect$$rtentry$$0000000D          0x0000030a   Section        8  rtentry2.o(.ARM.Collect$$rtentry$$0000000D)
    .ARM.Collect$$rtexit$$00000000           0x00000312   Section        2  rtexit.o(.ARM.Collect$$rtexit$$00000000)
    .ARM.Collect$$rtexit$$00000002           0x00000314   Section        0  rtexit2.o(.ARM.Collect$$rtexit$$00000002)
    .ARM.Collect$$rtexit$$00000003           0x00000314   Section        4  rtexit2.o(.ARM.Collect$$rtexit$$00000003)
    .ARM.Collect$$rtexit$$00000004           0x00000318   Section        6  rtexit2.o(.ARM.Collect$$rtexit$$00000004)
    .text                                    0x00000320   Section       48  startup.o(.text)
    .text                                    0x00000350   Section       80  osasm.o(.text)
    .text                                    0x000003a0   Section        0  heapauxi.o(.text)
    .text                                    0x000003a6   Section       74  sys_stackheap_outer.o(.text)
    .text                                    0x000003f0   Section        0  exit.o(.text)
    .text                                    0x000003fc   Section        8  libspace.o(.text)
    .text                                    0x00000404   Section        0  sys_exit.o(.text)
    .text                                    0x00000410   Section        2  use_no_semi.o(.text)
    .text                                    0x00000412   Section        0  indicate_semi.o(.text)
    i.ADC0Seq3_Handler                       0x00000414   Section        0  adc.o(i.ADC0Seq3_Handler)
    i.Delay1ms                               0x00000498   Section        0  st7735.o(i.Delay1ms)
    i.OS_AddThread                           0x000004b8   Section        0  os.o(i.OS_AddThread)
    i.OS_Init                                0x000005c4   Section        0  os.o(i.OS_Init)
    i.OS_InitSemaphore                       0x0000060c   Section        0  os.o(i.OS_InitSemaphore)
    i.OS_Launch                              0x00000610   Section        0  os.o(i.OS_Launch)
    i.OS_Suspend                             0x00000634   Section        0  os.o(i.OS_Suspend)
    i.OS_bSignal                             0x00000650   Section        0  os.o(i.OS_bSignal)
    i.OS_bWait                               0x00000662   Section        0  os.o(i.OS_bWait)
    i.PLL_Init                               0x00000688   Section        0  pll.o(i.PLL_Init)
    i.PortD_Init                             0x00000704   Section        0  lab2.o(i.PortD_Init)
    i.RxFifo_Init                            0x0000076c   Section        0  uart.o(i.RxFifo_Init)
    i.RxFifo_Put                             0x0000079c   Section        0  uart.o(i.RxFifo_Put)
    i.RxFifo_Size                            0x000007f8   Section        0  uart.o(i.RxFifo_Size)
    i.ST7735_DivideScreen                    0x00000810   Section        0  st7735.o(i.ST7735_DivideScreen)
    i.ST7735_DrawFastHLine                   0x00000878   Section        0  st7735.o(i.ST7735_DrawFastHLine)
    i.ST7735_FillRect                        0x000008f4   Section        0  st7735.o(i.ST7735_FillRect)
    i.ST7735_FillScreen                      0x000009a0   Section        0  st7735.o(i.ST7735_FillScreen)
    i.ST7735_InitR                           0x000009c4   Section        0  st7735.o(i.ST7735_InitR)
    i.ST7735_SetCursor                       0x00000a4c   Section        0  st7735.o(i.ST7735_SetCursor)
    i.SetInitialStack                        0x00000a6c   Section        0  os.o(i.SetInitialStack)
    i.SysTick_Handler                        0x00000bbc   Section        0  os.o(i.SysTick_Handler)
    i.Thread1b                               0x00000c00   Section        0  lab2.o(i.Thread1b)
    i.Thread2b                               0x00000c30   Section        0  lab2.o(i.Thread2b)
    i.Thread3b                               0x00000c60   Section        0  lab2.o(i.Thread3b)
    i.TxFifo_Get                             0x00000c90   Section        0  uart.o(i.TxFifo_Get)
    i.TxFifo_Init                            0x00000ce8   Section        0  uart.o(i.TxFifo_Init)
    i.TxFifo_Put                             0x00000d18   Section        0  uart.o(i.TxFifo_Put)
    i.TxFifo_Size                            0x00000d74   Section        0  uart.o(i.TxFifo_Size)
    i.UART0_Handler                          0x00000d8c   Section        0  uart.o(i.UART0_Handler)
    i.UART_Init                              0x00000de4   Section        0  uart.o(i.UART_Init)
    i.UART_OutChar                           0x00000eb0   Section        0  uart.o(i.UART_OutChar)
    i.UART_OutString                         0x00000ee4   Section        0  uart.o(i.UART_OutString)
    i.UART_OutUDec                           0x00000efa   Section        0  uart.o(i.UART_OutUDec)
    i.commandList                            0x00000f24   Section        0  st7735.o(i.commandList)
    commandList                              0x00000f25   Thumb Code    86  st7735.o(i.commandList)
    i.commonInit                             0x00000f7c   Section        0  st7735.o(i.commonInit)
    commonInit                               0x00000f7d   Thumb Code   340  st7735.o(i.commonInit)
    i.copyHardwareToSoftware                 0x00001100   Section        0  uart.o(i.copyHardwareToSoftware)
    copyHardwareToSoftware                   0x00001101   Thumb Code    36  uart.o(i.copyHardwareToSoftware)
    i.copySoftwareToHardware                 0x00001128   Section        0  uart.o(i.copySoftwareToHardware)
    copySoftwareToHardware                   0x00001129   Thumb Code    38  uart.o(i.copySoftwareToHardware)
    i.main                                   0x00001154   Section        0  lab2.o(i.main)
    i.scheduler                              0x000011d4   Section        0  os.o(i.scheduler)
    i.setAddrWindow                          0x000011ec   Section        0  st7735.o(i.setAddrWindow)
    setAddrWindow                            0x000011ed   Thumb Code   106  st7735.o(i.setAddrWindow)
    i.sleeper                                0x00001260   Section        0  os.o(i.sleeper)
    i.writecommand                           0x00001298   Section        0  st7735.o(i.writecommand)
    writecommand                             0x00001299   Thumb Code    40  st7735.o(i.writecommand)
    i.writedata                              0x000012c8   Section        0  st7735.o(i.writedata)
    writedata                                0x000012c9   Thumb Code    24  st7735.o(i.writedata)
    .constdata                               0x000012e8   Section     2018  st7735.o(.constdata)
    Font                                     0x000012e8   Data        1275  st7735.o(.constdata)
    Bcmd                                     0x000017e3   Data         103  st7735.o(.constdata)
    Rcmd1                                    0x0000184a   Data          59  st7735.o(.constdata)
    Rcmd2green                               0x00001885   Data          13  st7735.o(.constdata)
    Rcmd2red                                 0x00001892   Data          13  st7735.o(.constdata)
    Rcmd3                                    0x0000189f   Data          43  st7735.o(.constdata)
    .data                                    0x20000000   Section       16  adc.o(.data)
    .data                                    0x20000010   Section       28  os.o(.data)
    .data                                    0x2000002c   Section       48  st7735.o(.data)
    _width                                   0x20000036   Data           2  st7735.o(.data)
    _height                                  0x20000038   Data           2  st7735.o(.data)
    ColStart                                 0x20000044   Data           1  st7735.o(.data)
    RowStart                                 0x20000045   Data           1  st7735.o(.data)
    Rotation                                 0x20000046   Data           1  st7735.o(.data)
    TabColor                                 0x20000047   Data           1  st7735.o(.data)
    .data                                    0x2000005c   Section       24  uart.o(.data)
    .data                                    0x20000074   Section      144  lab2.o(.data)
    n                                        0x20000074   Data           4  lab2.o(.data)
    LastTime                                 0x20000078   Data           4  lab2.o(.data)
    i                                        0x2000007c   Data           4  lab2.o(.data)
    result                                   0x20000080   Data           4  lab2.o(.data)
    .bss                                     0x20000104   Section     1348  os.o(.bss)
    .bss                                     0x20000648   Section       32  uart.o(.bss)
    RxFifo                                   0x20000648   Data          16  uart.o(.bss)
    TxFifo                                   0x20000658   Data          16  uart.o(.bss)
    .bss                                     0x20000668   Section       96  libspace.o(.bss)
    HEAP                                     0x200006c8   Section        0  startup.o(HEAP)
    STACK                                    0x200006c8   Section     1024  startup.o(STACK)
    HeapMem                                  0x200006c8   Data           0  startup.o(HEAP)
    StackMem                                 0x200006c8   Data           0  startup.o(STACK)

    Global Symbols

    Symbol Name                              Value     Ov Type        Size  Object(Section)

    BuildAttributes$$THM_ISAv4$E$P$D$K$B$S$7EM$PE$A:L22UL41UL21$X:L11$S22US41US21$IEEE1$IW$USESV6$~STKCKD$USESV7$~SHL$OSPACE$ROPI$EBA8$UX$STANDARDLIB$REQ8$PRES8$EABIv2 0x00000000   Number         0  anon$$obj.o ABSOLUTE
    __ARM_use_no_argv                        0x00000000   Number         0  lab2.o ABSOLUTE
    __Vectors                                0x00000000   Data           0  startup.o(RESET)
    __ARM_exceptions_init                     - Undefined Weak Reference
    __alloca_initialize                       - Undefined Weak Reference
    __cpp_initialize__aeabi_                  - Undefined Weak Reference
    __cxa_finalize                            - Undefined Weak Reference
    __rt_locale                               - Undefined Weak Reference
    __sigvec_lookup                           - Undefined Weak Reference
    _atexit_init                              - Undefined Weak Reference
    _call_atexit_fns                          - Undefined Weak Reference
    _clock_init                               - Undefined Weak Reference
    _fp_trap_init                             - Undefined Weak Reference
    _fp_trap_shutdown                         - Undefined Weak Reference
    _get_lc_collate                           - Undefined Weak Reference
    _get_lc_ctype                             - Undefined Weak Reference
    _get_lc_monetary                          - Undefined Weak Reference
    _get_lc_numeric                           - Undefined Weak Reference
    _get_lc_time                              - Undefined Weak Reference
    _getenv_init                              - Undefined Weak Reference
    _handle_redirection                       - Undefined Weak Reference
    _init_alloc                               - Undefined Weak Reference
    _init_user_alloc                          - Undefined Weak Reference
    _initio                                   - Undefined Weak Reference
    _rand_init                                - Undefined Weak Reference
    _signal_finish                            - Undefined Weak Reference
    _signal_init                              - Undefined Weak Reference
    _terminate_alloc                          - Undefined Weak Reference
    _terminate_user_alloc                     - Undefined Weak Reference
    _terminateio                              - Undefined Weak Reference
    Reset_Handler                            0x0000026d   Thumb Code     0  startup.o(RESET)
    NMI_Handler                              0x00000271   Thumb Code     2  startup.o(RESET)
    HardFault_Handler                        0x00000273   Thumb Code     2  startup.o(RESET)
    MemManage_Handler                        0x00000275   Thumb Code     2  startup.o(RESET)
    BusFault_Handler                         0x00000277   Thumb Code     2  startup.o(RESET)
    UsageFault_Handler                       0x00000279   Thumb Code     2  startup.o(RESET)
    SVC_Handler                              0x0000027b   Thumb Code     2  startup.o(RESET)
    DebugMon_Handler                         0x0000027d   Thumb Code     2  startup.o(RESET)
    ADC0Seq0_Handler                         0x00000283   Thumb Code     0  startup.o(RESET)
    ADC0Seq1_Handler                         0x00000283   Thumb Code     0  startup.o(RESET)
    ADC0Seq2_Handler                         0x00000283   Thumb Code     0  startup.o(RESET)
    ADC1Seq0_Handler                         0x00000283   Thumb Code     0  startup.o(RESET)
    ADC1Seq1_Handler                         0x00000283   Thumb Code     0  startup.o(RESET)
    ADC1Seq2_Handler                         0x00000283   Thumb Code     0  startup.o(RESET)
    ADC1Seq3_Handler                         0x00000283   Thumb Code     0  startup.o(RESET)
    CAN0_Handler                             0x00000283   Thumb Code     0  startup.o(RESET)
    CAN1_Handler                             0x00000283   Thumb Code     0  startup.o(RESET)
    CAN2_Handler                             0x00000283   Thumb Code     0  startup.o(RESET)
    Comp0_Handler                            0x00000283   Thumb Code     0  startup.o(RESET)
    Comp1_Handler                            0x00000283   Thumb Code     0  startup.o(RESET)
    Comp2_Handler                            0x00000283   Thumb Code     0  startup.o(RESET)
    Ethernet_Handler                         0x00000283   Thumb Code     0  startup.o(RESET)
    ExtBus_Handler                           0x00000283   Thumb Code     0  startup.o(RESET)
    FPU_Handler                              0x00000283   Thumb Code     0  startup.o(RESET)
    Fan0_Handler                             0x00000283   Thumb Code     0  startup.o(RESET)
    FlashCtl_Handler                         0x00000283   Thumb Code     0  startup.o(RESET)
    GPIOPortA_Handler                        0x00000283   Thumb Code     0  startup.o(RESET)
    GPIOPortB_Handler                        0x00000283   Thumb Code     0  startup.o(RESET)
    GPIOPortC_Handler                        0x00000283   Thumb Code     0  startup.o(RESET)
    GPIOPortD_Handler                        0x00000283   Thumb Code     0  startup.o(RESET)
    GPIOPortE_Handler                        0x00000283   Thumb Code     0  startup.o(RESET)
    GPIOPortF_Handler                        0x00000283   Thumb Code     0  startup.o(RESET)
    GPIOPortG_Handler                        0x00000283   Thumb Code     0  startup.o(RESET)
    GPIOPortH_Handler                        0x00000283   Thumb Code     0  startup.o(RESET)
    GPIOPortJ_Handler                        0x00000283   Thumb Code     0  startup.o(RESET)
    GPIOPortK_Handler                        0x00000283   Thumb Code     0  startup.o(RESET)
    GPIOPortL_Handler                        0x00000283   Thumb Code     0  startup.o(RESET)
    GPIOPortM_Handler                        0x00000283   Thumb Code     0  startup.o(RESET)
    GPIOPortN_Handler                        0x00000283   Thumb Code     0  startup.o(RESET)
    GPIOPortP1_Handler                       0x00000283   Thumb Code     0  startup.o(RESET)
    GPIOPortP2_Handler                       0x00000283   Thumb Code     0  startup.o(RESET)
    GPIOPortP3_Handler                       0x00000283   Thumb Code     0  startup.o(RESET)
    GPIOPortP4_Handler                       0x00000283   Thumb Code     0  startup.o(RESET)
    GPIOPortP5_Handler                       0x00000283   Thumb Code     0  startup.o(RESET)
    GPIOPortP6_Handler                       0x00000283   Thumb Code     0  startup.o(RESET)
    GPIOPortP7_Handler                       0x00000283   Thumb Code     0  startup.o(RESET)
    GPIOPortP_Handler                        0x00000283   Thumb Code     0  startup.o(RESET)
    GPIOPortQ1_Handler                       0x00000283   Thumb Code     0  startup.o(RESET)
    GPIOPortQ2_Handler                       0x00000283   Thumb Code     0  startup.o(RESET)
    GPIOPortQ3_Handler                       0x00000283   Thumb Code     0  startup.o(RESET)
    GPIOPortQ4_Handler                       0x00000283   Thumb Code     0  startup.o(RESET)
    GPIOPortQ5_Handler                       0x00000283   Thumb Code     0  startup.o(RESET)
    GPIOPortQ6_Handler                       0x00000283   Thumb Code     0  startup.o(RESET)
    GPIOPortQ7_Handler                       0x00000283   Thumb Code     0  startup.o(RESET)
    GPIOPortQ_Handler                        0x00000283   Thumb Code     0  startup.o(RESET)
    GPIOPortR_Handler                        0x00000283   Thumb Code     0  startup.o(RESET)
    GPIOPortS_Handler                        0x00000283   Thumb Code     0  startup.o(RESET)
    Hibernate_Handler                        0x00000283   Thumb Code     0  startup.o(RESET)
    I2C0_Handler                             0x00000283   Thumb Code     0  startup.o(RESET)
    I2C1_Handler                             0x00000283   Thumb Code     0  startup.o(RESET)
    I2C2_Handler                             0x00000283   Thumb Code     0  startup.o(RESET)
    I2C3_Handler                             0x00000283   Thumb Code     0  startup.o(RESET)
    I2C4_Handler                             0x00000283   Thumb Code     0  startup.o(RESET)
    I2C5_Handler                             0x00000283   Thumb Code     0  startup.o(RESET)
    I2S0_Handler                             0x00000283   Thumb Code     0  startup.o(RESET)
    LPC0_Handler                             0x00000283   Thumb Code     0  startup.o(RESET)
    PECI0_Handler                            0x00000283   Thumb Code     0  startup.o(RESET)
    PWM0Fault_Handler                        0x00000283   Thumb Code     0  startup.o(RESET)
    PWM0Generator0_Handler                   0x00000283   Thumb Code     0  startup.o(RESET)
    PWM0Generator1_Handler                   0x00000283   Thumb Code     0  startup.o(RESET)
    PWM0Generator2_Handler                   0x00000283   Thumb Code     0  startup.o(RESET)
    PWM0Generator3_Handler                   0x00000283   Thumb Code     0  startup.o(RESET)
    PWM1Fault_Handler                        0x00000283   Thumb Code     0  startup.o(RESET)
    PWM1Generator0_Handler                   0x00000283   Thumb Code     0  startup.o(RESET)
    PWM1Generator1_Handler                   0x00000283   Thumb Code     0  startup.o(RESET)
    PWM1Generator2_Handler                   0x00000283   Thumb Code     0  startup.o(RESET)
    PWM1Generator3_Handler                   0x00000283   Thumb Code     0  startup.o(RESET)
    Quadrature0_Handler                      0x00000283   Thumb Code     0  startup.o(RESET)
    Quadrature1_Handler                      0x00000283   Thumb Code     0  startup.o(RESET)
    Quadrature2_Handler                      0x00000283   Thumb Code     0  startup.o(RESET)
    SSI0_Handler                             0x00000283   Thumb Code     0  startup.o(RESET)
    SSI1_Handler                             0x00000283   Thumb Code     0  startup.o(RESET)
    SSI2_Handler                             0x00000283   Thumb Code     0  startup.o(RESET)
    SSI3_Handler                             0x00000283   Thumb Code     0  startup.o(RESET)
    SysCtl_Handler                           0x00000283   Thumb Code     0  startup.o(RESET)
    Timer0A_Handler                          0x00000283   Thumb Code     0  startup.o(RESET)
    Timer0B_Handler                          0x00000283   Thumb Code     0  startup.o(RESET)
    Timer1A_Handler                          0x00000283   Thumb Code     0  startup.o(RESET)
    Timer1B_Handler                          0x00000283   Thumb Code     0  startup.o(RESET)
    Timer2A_Handler                          0x00000283   Thumb Code     0  startup.o(RESET)
    Timer2B_Handler                          0x00000283   Thumb Code     0  startup.o(RESET)
    Timer3A_Handler                          0x00000283   Thumb Code     0  startup.o(RESET)
    Timer3B_Handler                          0x00000283   Thumb Code     0  startup.o(RESET)
    Timer4A_Handler                          0x00000283   Thumb Code     0  startup.o(RESET)
    Timer4B_Handler                          0x00000283   Thumb Code     0  startup.o(RESET)
    Timer5A_Handler                          0x00000283   Thumb Code     0  startup.o(RESET)
    Timer5B_Handler                          0x00000283   Thumb Code     0  startup.o(RESET)
    UART1_Handler                            0x00000283   Thumb Code     0  startup.o(RESET)
    UART2_Handler                            0x00000283   Thumb Code     0  startup.o(RESET)
    UART3_Handler                            0x00000283   Thumb Code     0  startup.o(RESET)
    UART4_Handler                            0x00000283   Thumb Code     0  startup.o(RESET)
    UART5_Handler                            0x00000283   Thumb Code     0  startup.o(RESET)
    UART6_Handler                            0x00000283   Thumb Code     0  startup.o(RESET)
    UART7_Handler                            0x00000283   Thumb Code     0  startup.o(RESET)
    USB0_Handler                             0x00000283   Thumb Code     0  startup.o(RESET)
    WDT_Handler                              0x00000283   Thumb Code     0  startup.o(RESET)
    WideTimer0A_Handler                      0x00000283   Thumb Code     0  startup.o(RESET)
    WideTimer0B_Handler                      0x00000283   Thumb Code     0  startup.o(RESET)
    WideTimer1A_Handler                      0x00000283   Thumb Code     0  startup.o(RESET)
    WideTimer1B_Handler                      0x00000283   Thumb Code     0  startup.o(RESET)
    WideTimer2A_Handler                      0x00000283   Thumb Code     0  startup.o(RESET)
    WideTimer2B_Handler                      0x00000283   Thumb Code     0  startup.o(RESET)
    WideTimer3A_Handler                      0x00000283   Thumb Code     0  startup.o(RESET)
    WideTimer3B_Handler                      0x00000283   Thumb Code     0  startup.o(RESET)
    WideTimer4A_Handler                      0x00000283   Thumb Code     0  startup.o(RESET)
    WideTimer4B_Handler                      0x00000283   Thumb Code     0  startup.o(RESET)
    WideTimer5A_Handler                      0x00000283   Thumb Code     0  startup.o(RESET)
    WideTimer5B_Handler                      0x00000283   Thumb Code     0  startup.o(RESET)
    uDMA_Error                               0x00000283   Thumb Code     0  startup.o(RESET)
    uDMA_Handler                             0x00000283   Thumb Code     0  startup.o(RESET)
    __main                                   0x00000285   Thumb Code     8  __main.o(!!!main)
    __scatterload                            0x0000028d   Thumb Code     0  __scatter.o(!!!scatter)
    __scatterload_rt2                        0x0000028d   Thumb Code    44  __scatter.o(!!!scatter)
    __scatterload_rt2_thumb_only             0x0000028d   Thumb Code     0  __scatter.o(!!!scatter)
    __scatterload_null                       0x0000029b   Thumb Code     0  __scatter.o(!!!scatter)
    __scatterload_copy                       0x000002c1   Thumb Code    26  __scatter_copy.o(!!handler_copy)
    __scatterload_zeroinit                   0x000002dd   Thumb Code    28  __scatter_zi.o(!!handler_zi)
    __rt_lib_init                            0x000002f9   Thumb Code     0  libinit.o(.ARM.Collect$$libinit$$00000000)
    __rt_lib_init_alloca_1                   0x000002fb   Thumb Code     0  libinit2.o(.ARM.Collect$$libinit$$0000002C)
    __rt_lib_init_argv_1                     0x000002fb   Thumb Code     0  libinit2.o(.ARM.Collect$$libinit$$0000002A)
    __rt_lib_init_atexit_1                   0x000002fb   Thumb Code     0  libinit2.o(.ARM.Collect$$libinit$$00000019)
    __rt_lib_init_clock_1                    0x000002fb   Thumb Code     0  libinit2.o(.ARM.Collect$$libinit$$0000001F)
    __rt_lib_init_cpp_1                      0x000002fb   Thumb Code     0  libinit2.o(.ARM.Collect$$libinit$$00000030)
    __rt_lib_init_exceptions_1               0x000002fb   Thumb Code     0  libinit2.o(.ARM.Collect$$libinit$$0000002E)
    __rt_lib_init_fp_1                       0x000002fb   Thumb Code     0  libinit2.o(.ARM.Collect$$libinit$$00000002)
    __rt_lib_init_fp_trap_1                  0x000002fb   Thumb Code     0  libinit2.o(.ARM.Collect$$libinit$$0000001D)
    __rt_lib_init_getenv_1                   0x000002fb   Thumb Code     0  libinit2.o(.ARM.Collect$$libinit$$00000021)
    __rt_lib_init_heap_1                     0x000002fb   Thumb Code     0  libinit2.o(.ARM.Collect$$libinit$$00000008)
    __rt_lib_init_lc_collate_1               0x000002fb   Thumb Code     0  libinit2.o(.ARM.Collect$$libinit$$0000000F)
    __rt_lib_init_lc_ctype_1                 0x000002fb   Thumb Code     0  libinit2.o(.ARM.Collect$$libinit$$00000011)
    __rt_lib_init_lc_monetary_1              0x000002fb   Thumb Code     0  libinit2.o(.ARM.Collect$$libinit$$00000013)
    __rt_lib_init_lc_numeric_1               0x000002fb   Thumb Code     0  libinit2.o(.ARM.Collect$$libinit$$00000015)
    __rt_lib_init_lc_time_1                  0x000002fb   Thumb Code     0  libinit2.o(.ARM.Collect$$libinit$$00000017)
    __rt_lib_init_rand_1                     0x000002fb   Thumb Code     0  libinit2.o(.ARM.Collect$$libinit$$0000000C)
    __rt_lib_init_return                     0x000002fb   Thumb Code     0  libinit2.o(.ARM.Collect$$libinit$$00000031)
    __rt_lib_init_signal_1                   0x000002fb   Thumb Code     0  libinit2.o(.ARM.Collect$$libinit$$0000001B)
    __rt_lib_init_stdio_1                    0x000002fb   Thumb Code     0  libinit2.o(.ARM.Collect$$libinit$$00000023)
    __rt_lib_init_user_alloc_1               0x000002fb   Thumb Code     0  libinit2.o(.ARM.Collect$$libinit$$0000000A)
    __rt_lib_shutdown                        0x000002fd   Thumb Code     0  libshutdown.o(.ARM.Collect$$libshutdown$$00000000)
    __rt_lib_shutdown_fp_trap_1              0x000002ff   Thumb Code     0  libshutdown2.o(.ARM.Collect$$libshutdown$$00000006)
    __rt_lib_shutdown_heap_1                 0x000002ff   Thumb Code     0  libshutdown2.o(.ARM.Collect$$libshutdown$$0000000E)
    __rt_lib_shutdown_return                 0x000002ff   Thumb Code     0  libshutdown2.o(.ARM.Collect$$libshutdown$$0000000F)
    __rt_lib_shutdown_signal_1               0x000002ff   Thumb Code     0  libshutdown2.o(.ARM.Collect$$libshutdown$$00000009)
    __rt_lib_shutdown_stdio_1                0x000002ff   Thumb Code     0  libshutdown2.o(.ARM.Collect$$libshutdown$$00000003)
    __rt_lib_shutdown_user_alloc_1           0x000002ff   Thumb Code     0  libshutdown2.o(.ARM.Collect$$libshutdown$$0000000B)
    __rt_entry                               0x00000301   Thumb Code     0  rtentry.o(.ARM.Collect$$rtentry$$00000000)
    __rt_entry_presh_1                       0x00000301   Thumb Code     0  rtentry2.o(.ARM.Collect$$rtentry$$00000002)
    __rt_entry_sh                            0x00000301   Thumb Code     0  rtentry4.o(.ARM.Collect$$rtentry$$00000004)
    __rt_entry_li                            0x00000307   Thumb Code     0  rtentry2.o(.ARM.Collect$$rtentry$$0000000A)
    __rt_entry_postsh_1                      0x00000307   Thumb Code     0  rtentry2.o(.ARM.Collect$$rtentry$$00000009)
    __rt_entry_main                          0x0000030b   Thumb Code     0  rtentry2.o(.ARM.Collect$$rtentry$$0000000D)
    __rt_entry_postli_1                      0x0000030b   Thumb Code     0  rtentry2.o(.ARM.Collect$$rtentry$$0000000C)
    __rt_exit                                0x00000313   Thumb Code     0  rtexit.o(.ARM.Collect$$rtexit$$00000000)
    __rt_exit_ls                             0x00000315   Thumb Code     0  rtexit2.o(.ARM.Collect$$rtexit$$00000003)
    __rt_exit_prels_1                        0x00000315   Thumb Code     0  rtexit2.o(.ARM.Collect$$rtexit$$00000002)
    __rt_exit_exit                           0x00000319   Thumb Code     0  rtexit2.o(.ARM.Collect$$rtexit$$00000004)
    DisableInterrupts                        0x00000321   Thumb Code     0  startup.o(.text)
    EnableInterrupts                         0x00000325   Thumb Code     0  startup.o(.text)
    StartCritical                            0x00000329   Thumb Code     0  startup.o(.text)
    EndCritical                              0x00000331   Thumb Code     0  startup.o(.text)
    WaitForInterrupt                         0x00000337   Thumb Code     0  startup.o(.text)
    __user_initial_stackheap                 0x0000033b   Thumb Code     0  startup.o(.text)
    OS_DisableInterrupts                     0x00000351   Thumb Code     0  osasm.o(.text)
    OS_EnableInterrupts                      0x00000355   Thumb Code     0  osasm.o(.text)
    PendSV_Handler                           0x00000359   Thumb Code     0  osasm.o(.text)
    StartOS                                  0x00000379   Thumb Code     0  osasm.o(.text)
    __use_two_region_memory                  0x000003a1   Thumb Code     2  heapauxi.o(.text)
    __rt_heap_escrow$2region                 0x000003a3   Thumb Code     2  heapauxi.o(.text)
    __rt_heap_expand$2region                 0x000003a5   Thumb Code     2  heapauxi.o(.text)
    __user_setup_stackheap                   0x000003a7   Thumb Code    74  sys_stackheap_outer.o(.text)
    exit                                     0x000003f1   Thumb Code    12  exit.o(.text)
    __user_libspace                          0x000003fd   Thumb Code     8  libspace.o(.text)
    __user_perproc_libspace                  0x000003fd   Thumb Code     0  libspace.o(.text)
    __user_perthread_libspace                0x000003fd   Thumb Code     0  libspace.o(.text)
    _sys_exit                                0x00000405   Thumb Code     8  sys_exit.o(.text)
    __I$use$semihosting                      0x00000411   Thumb Code     0  use_no_semi.o(.text)
    __use_no_semihosting_swi                 0x00000411   Thumb Code     2  use_no_semi.o(.text)
    __semihosting_library_function           0x00000413   Thumb Code     0  indicate_semi.o(.text)
    ADC0Seq3_Handler                         0x00000415   Thumb Code    96  adc.o(i.ADC0Seq3_Handler)
    Delay1ms                                 0x00000499   Thumb Code    32  st7735.o(i.Delay1ms)
    OS_AddThread                             0x000004b9   Thumb Code   252  os.o(i.OS_AddThread)
    OS_Init                                  0x000005c5   Thumb Code    68  os.o(i.OS_Init)
    OS_InitSemaphore                         0x0000060d   Thumb Code     4  os.o(i.OS_InitSemaphore)
    OS_Launch                                0x00000611   Thumb Code    28  os.o(i.OS_Launch)
    OS_Suspend                               0x00000635   Thumb Code    24  os.o(i.OS_Suspend)
    OS_bSignal                               0x00000651   Thumb Code    18  os.o(i.OS_bSignal)
    OS_bWait                                 0x00000663   Thumb Code    38  os.o(i.OS_bWait)
    PLL_Init                                 0x00000689   Thumb Code   118  pll.o(i.PLL_Init)
    PortD_Init                               0x00000705   Thumb Code    86  lab2.o(i.PortD_Init)
    RxFifo_Init                              0x0000076d   Thumb Code    36  uart.o(i.RxFifo_Init)
    RxFifo_Put                               0x0000079d   Thumb Code    74  uart.o(i.RxFifo_Put)
    RxFifo_Size                              0x000007f9   Thumb Code    14  uart.o(i.RxFifo_Size)
    ST7735_DivideScreen                      0x00000811   Thumb Code   102  st7735.o(i.ST7735_DivideScreen)
    ST7735_DrawFastHLine                     0x00000879   Thumb Code   116  st7735.o(i.ST7735_DrawFastHLine)
    ST7735_FillRect                          0x000008f5   Thumb Code   164  st7735.o(i.ST7735_FillRect)
    ST7735_FillScreen                        0x000009a1   Thumb Code    28  st7735.o(i.ST7735_FillScreen)
    ST7735_InitR                             0x000009c5   Thumb Code   100  st7735.o(i.ST7735_InitR)
    ST7735_SetCursor                         0x00000a4d   Thumb Code    22  st7735.o(i.ST7735_SetCursor)
    SetInitialStack                          0x00000a6d   Thumb Code   328  os.o(i.SetInitialStack)
    SysTick_Handler                          0x00000bbd   Thumb Code    50  os.o(i.SysTick_Handler)
    Thread1b                                 0x00000c01   Thumb Code    36  lab2.o(i.Thread1b)
    Thread2b                                 0x00000c31   Thumb Code    36  lab2.o(i.Thread2b)
    Thread3b                                 0x00000c61   Thumb Code    36  lab2.o(i.Thread3b)
    TxFifo_Get                               0x00000c91   Thumb Code    72  uart.o(i.TxFifo_Get)
    TxFifo_Init                              0x00000ce9   Thumb Code    36  uart.o(i.TxFifo_Init)
    TxFifo_Put                               0x00000d19   Thumb Code    74  uart.o(i.TxFifo_Put)
    TxFifo_Size                              0x00000d75   Thumb Code    14  uart.o(i.TxFifo_Size)
    UART0_Handler                            0x00000d8d   Thumb Code    82  uart.o(i.UART0_Handler)
    UART_Init                                0x00000de5   Thumb Code   178  uart.o(i.UART_Init)
    UART_OutChar                             0x00000eb1   Thumb Code    46  uart.o(i.UART_OutChar)
    UART_OutString                           0x00000ee5   Thumb Code    22  uart.o(i.UART_OutString)
    UART_OutUDec                             0x00000efb   Thumb Code    42  uart.o(i.UART_OutUDec)
    main                                     0x00001155   Thumb Code   106  lab2.o(i.main)
    scheduler                                0x000011d5   Thumb Code    20  os.o(i.scheduler)
    sleeper                                  0x00001261   Thumb Code    50  os.o(i.sleeper)
    dBfs                                     0x000018ca   Data         512  st7735.o(.constdata)
    Region$$Table$$Base                      0x00001acc   Number         0  anon$$obj.o(Region$$Table)
    Region$$Table$$Limit                     0x00001aec   Number         0  anon$$obj.o(Region$$Table)
    numCounts                                0x20000000   Data           4  adc.o(.data)
    start_collection                         0x20000004   Data           4  adc.o(.data)
    buf                                      0x20000008   Data           4  adc.o(.data)
    ADCvalue                                 0x2000000c   Data           4  adc.o(.data)
    first_thread                             0x20000010   Data           4  os.o(.data)
    thread_index                             0x20000014   Data           4  os.o(.data)
    RunPt                                    0x20000018   Data           4  os.o(.data)
    NextRunPt                                0x2000001c   Data           4  os.o(.data)
    time                                     0x20000020   Data           4  os.o(.data)
    fifo_head                                0x20000024   Data           4  os.o(.data)
    fifo_tail                                0x20000028   Data           4  os.o(.data)
    StX                                      0x2000002c   Data           4  st7735.o(.data)
    StY                                      0x20000030   Data           4  st7735.o(.data)
    StTextColor                              0x20000034   Data           2  st7735.o(.data)
    lastj                                    0x2000003c   Data           4  st7735.o(.data)
    screen_lock                              0x20000040   Data           4  st7735.o(.data)
    Messageindex                             0x20000048   Data           4  st7735.o(.data)
    Ymax                                     0x2000004c   Data           4  st7735.o(.data)
    Ymin                                     0x20000050   Data           4  st7735.o(.data)
    X                                        0x20000054   Data           4  st7735.o(.data)
    Yrange                                   0x20000058   Data           4  st7735.o(.data)
    RxPutI                                   0x2000005c   Data           4  uart.o(.data)
    RxGetI                                   0x20000060   Data           4  uart.o(.data)
    Rx_Lock                                  0x20000064   Data           4  uart.o(.data)
    TxPutI                                   0x20000068   Data           4  uart.o(.data)
    TxGetI                                   0x2000006c   Data           4  uart.o(.data)
    Tx_Lock                                  0x20000070   Data           4  uart.o(.data)
    NumCreated                               0x20000084   Data           4  lab2.o(.data)
    PIDWork                                  0x20000088   Data           4  lab2.o(.data)
    FilterWork                               0x2000008c   Data           4  lab2.o(.data)
    NumSamples                               0x20000090   Data           4  lab2.o(.data)
    DataLost                                 0x20000094   Data           4  lab2.o(.data)
    MaxJitter                                0x20000098   Data           4  lab2.o(.data)
    TotalWithI1                              0x2000009c   Data           4  lab2.o(.data)
    MaxWithI1                                0x200000a0   Data           2  lab2.o(.data)
    DASoutput                                0x200000a4   Data           4  lab2.o(.data)
    IntTerm                                  0x200000a8   Data           2  lab2.o(.data)
    PrevError                                0x200000aa   Data           2  lab2.o(.data)
    Coeff                                    0x200000ac   Data           6  lab2.o(.data)
    Actuator                                 0x200000b2   Data           2  lab2.o(.data)
    Count1                                   0x200000b4   Data           4  lab2.o(.data)
    Count2                                   0x200000b8   Data           4  lab2.o(.data)
    Count3                                   0x200000bc   Data           4  lab2.o(.data)
    Count4                                   0x200000c0   Data           4  lab2.o(.data)
    Count5                                   0x200000c4   Data           4  lab2.o(.data)
    Readyc                                   0x200000c8   Data           4  lab2.o(.data)
    Lost                                     0x200000cc   Data           4  lab2.o(.data)
    Readyd                                   0x200000d0   Data           4  lab2.o(.data)
    OtherCount1                              0x200000d4   Data           4  lab2.o(.data)
    Expected8                                0x200000d8   Data           4  lab2.o(.data)
    Error8                                   0x200000dc   Data           4  lab2.o(.data)
    CountA                                   0x200000e0   Data           4  lab2.o(.data)
    CountB                                   0x200000e4   Data           4  lab2.o(.data)
    s                                        0x200000e8   Data           4  lab2.o(.data)
    SignalCount1                             0x200000ec   Data           4  lab2.o(.data)
    SignalCount2                             0x200000f0   Data           4  lab2.o(.data)
    SignalCount3                             0x200000f4   Data           4  lab2.o(.data)
    WaitCount1                               0x200000f8   Data           4  lab2.o(.data)
    WaitCount2                               0x200000fc   Data           4  lab2.o(.data)
    WaitCount3                               0x20000100   Data           4  lab2.o(.data)
    tcbs                                     0x20000104   Data          84  os.o(.bss)
    Stacks                                   0x20000158   Data        1200  os.o(.bss)
    OS_Fifo                                  0x20000608   Data          64  os.o(.bss)
    __libspace_start                         0x20000668   Data          96  libspace.o(.bss)
    __temporary_stack_top$libspace           0x200006c8   Data           0  libspace.o(.bss)



==============================================================================

Memory Map of the image

  Image Entry point : 0x0000026d

  Load Region LR_1 (Base: 0x00000000, Size: 0x00001bf0, Max: 0xffffffff, ABSOLUTE)

    Execution Region ER_RO (Base: 0x00000000, Size: 0x00001aec, Max: 0xffffffff, ABSOLUTE)

    Base Addr    Size         Type   Attr      Idx    E Section Name        Object

    0x00000000   0x00000284   Code   RO            3  * RESET               startup.o
    0x00000284   0x00000008   Code   RO         1067  * !!!main             c_w.l(__main.o)
    0x0000028c   0x00000034   Code   RO         1221    !!!scatter          c_w.l(__scatter.o)
    0x000002c0   0x0000001a   Code   RO         1223    !!handler_copy      c_w.l(__scatter_copy.o)
    0x000002da   0x00000002   PAD
    0x000002dc   0x0000001c   Code   RO         1225    !!handler_zi        c_w.l(__scatter_zi.o)
    0x000002f8   0x00000002   Code   RO         1094    .ARM.Collect$$libinit$$00000000  c_w.l(libinit.o)
    0x000002fa   0x00000000   Code   RO         1101    .ARM.Collect$$libinit$$00000002  c_w.l(libinit2.o)
    0x000002fa   0x00000000   Code   RO         1104    .ARM.Collect$$libinit$$00000008  c_w.l(libinit2.o)
    0x000002fa   0x00000000   Code   RO         1106    .ARM.Collect$$libinit$$0000000A  c_w.l(libinit2.o)
    0x000002fa   0x00000000   Code   RO         1108    .ARM.Collect$$libinit$$0000000C  c_w.l(libinit2.o)
    0x000002fa   0x00000000   Code   RO         1111    .ARM.Collect$$libinit$$0000000F  c_w.l(libinit2.o)
    0x000002fa   0x00000000   Code   RO         1113    .ARM.Collect$$libinit$$00000011  c_w.l(libinit2.o)
    0x000002fa   0x00000000   Code   RO         1115    .ARM.Collect$$libinit$$00000013  c_w.l(libinit2.o)
    0x000002fa   0x00000000   Code   RO         1117    .ARM.Collect$$libinit$$00000015  c_w.l(libinit2.o)
    0x000002fa   0x00000000   Code   RO         1119    .ARM.Collect$$libinit$$00000017  c_w.l(libinit2.o)
    0x000002fa   0x00000000   Code   RO         1121    .ARM.Collect$$libinit$$00000019  c_w.l(libinit2.o)
    0x000002fa   0x00000000   Code   RO         1123    .ARM.Collect$$libinit$$0000001B  c_w.l(libinit2.o)
    0x000002fa   0x00000000   Code   RO         1125    .ARM.Collect$$libinit$$0000001D  c_w.l(libinit2.o)
    0x000002fa   0x00000000   Code   RO         1127    .ARM.Collect$$libinit$$0000001F  c_w.l(libinit2.o)
    0x000002fa   0x00000000   Code   RO         1129    .ARM.Collect$$libinit$$00000021  c_w.l(libinit2.o)
    0x000002fa   0x00000000   Code   RO         1131    .ARM.Collect$$libinit$$00000023  c_w.l(libinit2.o)
    0x000002fa   0x00000000   Code   RO         1135    .ARM.Collect$$libinit$$0000002A  c_w.l(libinit2.o)
    0x000002fa   0x00000000   Code   RO         1137    .ARM.Collect$$libinit$$0000002C  c_w.l(libinit2.o)
    0x000002fa   0x00000000   Code   RO         1139    .ARM.Collect$$libinit$$0000002E  c_w.l(libinit2.o)
    0x000002fa   0x00000000   Code   RO         1141    .ARM.Collect$$libinit$$00000030  c_w.l(libinit2.o)
    0x000002fa   0x00000002   Code   RO         1142    .ARM.Collect$$libinit$$00000031  c_w.l(libinit2.o)
    0x000002fc   0x00000002   Code   RO         1162    .ARM.Collect$$libshutdown$$00000000  c_w.l(libshutdown.o)
    0x000002fe   0x00000000   Code   RO         1176    .ARM.Collect$$libshutdown$$00000003  c_w.l(libshutdown2.o)
    0x000002fe   0x00000000   Code   RO         1179    .ARM.Collect$$libshutdown$$00000006  c_w.l(libshutdown2.o)
    0x000002fe   0x00000000   Code   RO         1182    .ARM.Collect$$libshutdown$$00000009  c_w.l(libshutdown2.o)
    0x000002fe   0x00000000   Code   RO         1184    .ARM.Collect$$libshutdown$$0000000B  c_w.l(libshutdown2.o)
    0x000002fe   0x00000000   Code   RO         1187    .ARM.Collect$$libshutdown$$0000000E  c_w.l(libshutdown2.o)
    0x000002fe   0x00000002   Code   RO         1188    .ARM.Collect$$libshutdown$$0000000F  c_w.l(libshutdown2.o)
    0x00000300   0x00000000   Code   RO         1069    .ARM.Collect$$rtentry$$00000000  c_w.l(rtentry.o)
    0x00000300   0x00000000   Code   RO         1071    .ARM.Collect$$rtentry$$00000002  c_w.l(rtentry2.o)
    0x00000300   0x00000006   Code   RO         1083    .ARM.Collect$$rtentry$$00000004  c_w.l(rtentry4.o)
    0x00000306   0x00000000   Code   RO         1073    .ARM.Collect$$rtentry$$00000009  c_w.l(rtentry2.o)
    0x00000306   0x00000004   Code   RO         1074    .ARM.Collect$$rtentry$$0000000A  c_w.l(rtentry2.o)
    0x0000030a   0x00000000   Code   RO         1076    .ARM.Collect$$rtentry$$0000000C  c_w.l(rtentry2.o)
    0x0000030a   0x00000008   Code   RO         1077    .ARM.Collect$$rtentry$$0000000D  c_w.l(rtentry2.o)
    0x00000312   0x00000002   Code   RO         1098    .ARM.Collect$$rtexit$$00000000  c_w.l(rtexit.o)
    0x00000314   0x00000000   Code   RO         1144    .ARM.Collect$$rtexit$$00000002  c_w.l(rtexit2.o)
    0x00000314   0x00000004   Code   RO         1145    .ARM.Collect$$rtexit$$00000003  c_w.l(rtexit2.o)
    0x00000318   0x00000006   Code   RO         1146    .ARM.Collect$$rtexit$$00000004  c_w.l(rtexit2.o)
    0x0000031e   0x00000002   PAD
    0x00000320   0x00000030   Code   RO            4    .text               startup.o
    0x00000350   0x00000050   Code   RO          718    .text               osasm.o
    0x000003a0   0x00000006   Code   RO         1065    .text               c_w.l(heapauxi.o)
    0x000003a6   0x0000004a   Code   RO         1085    .text               c_w.l(sys_stackheap_outer.o)
    0x000003f0   0x0000000c   Code   RO         1087    .text               c_w.l(exit.o)
    0x000003fc   0x00000008   Code   RO         1095    .text               c_w.l(libspace.o)
    0x00000404   0x0000000c   Code   RO         1154    .text               c_w.l(sys_exit.o)
    0x00000410   0x00000002   Code   RO         1165    .text               c_w.l(use_no_semi.o)
    0x00000412   0x00000000   Code   RO         1167    .text               c_w.l(indicate_semi.o)
    0x00000412   0x00000002   PAD
    0x00000414   0x00000084   Code   RO           58    i.ADC0Seq3_Handler  adc.o
    0x00000498   0x00000020   Code   RO          297    i.Delay1ms          st7735.o
    0x000004b8   0x0000010c   Code   RO          103    i.OS_AddThread      os.o
    0x000005c4   0x00000048   Code   RO          110    i.OS_Init           os.o
    0x0000060c   0x00000004   Code   RO          111    i.OS_InitSemaphore  os.o
    0x00000610   0x00000024   Code   RO          113    i.OS_Launch         os.o
    0x00000634   0x0000001c   Code   RO          120    i.OS_Suspend        os.o
    0x00000650   0x00000012   Code   RO          124    i.OS_bSignal        os.o
    0x00000662   0x00000026   Code   RO          125    i.OS_bWait          os.o
    0x00000688   0x0000007c   Code   RO           43    i.PLL_Init          pll.o
    0x00000704   0x00000068   Code   RO          735    i.PortD_Init        lab2.o
    0x0000076c   0x00000030   Code   RO          583    i.RxFifo_Init       uart.o
    0x0000079c   0x0000005c   Code   RO          584    i.RxFifo_Put        uart.o
    0x000007f8   0x00000018   Code   RO          585    i.RxFifo_Size       uart.o
    0x00000810   0x00000066   Code   RO          304    i.ST7735_DivideScreen  st7735.o
    0x00000876   0x00000002   PAD
    0x00000878   0x0000007c   Code   RO          308    i.ST7735_DrawFastHLine  st7735.o
    0x000008f4   0x000000ac   Code   RO          312    i.ST7735_FillRect   st7735.o
    0x000009a0   0x00000024   Code   RO          313    i.ST7735_FillScreen  st7735.o
    0x000009c4   0x00000088   Code   RO          315    i.ST7735_InitR      st7735.o
    0x00000a4c   0x00000020   Code   RO          329    i.ST7735_SetCursor  st7735.o
    0x00000a6c   0x00000150   Code   RO          126    i.SetInitialStack   os.o
    0x00000bbc   0x00000044   Code   RO          127    i.SysTick_Handler   os.o
    0x00000c00   0x00000030   Code   RO          754    i.Thread1b          lab2.o
    0x00000c30   0x00000030   Code   RO          756    i.Thread2b          lab2.o
    0x00000c60   0x00000030   Code   RO          760    i.Thread3b          lab2.o
    0x00000c90   0x00000058   Code   RO          586    i.TxFifo_Get        uart.o
    0x00000ce8   0x00000030   Code   RO          587    i.TxFifo_Init       uart.o
    0x00000d18   0x0000005c   Code   RO          588    i.TxFifo_Put        uart.o
    0x00000d74   0x00000018   Code   RO          589    i.TxFifo_Size       uart.o
    0x00000d8c   0x00000058   Code   RO          590    i.UART0_Handler     uart.o
    0x00000de4   0x000000cc   Code   RO          595    i.UART_Init         uart.o
    0x00000eb0   0x00000034   Code   RO          596    i.UART_OutChar      uart.o
    0x00000ee4   0x00000016   Code   RO          597    i.UART_OutString    uart.o
    0x00000efa   0x0000002a   Code   RO          598    i.UART_OutUDec      uart.o
    0x00000f24   0x00000056   Code   RO          333    i.commandList       st7735.o
    0x00000f7a   0x00000002   PAD
    0x00000f7c   0x00000184   Code   RO          334    i.commonInit        st7735.o
    0x00001100   0x00000028   Code   RO          600    i.copyHardwareToSoftware  uart.o
    0x00001128   0x0000002c   Code   RO          601    i.copySoftwareToHardware  uart.o
    0x00001154   0x00000080   Code   RO          772    i.main              lab2.o
    0x000011d4   0x00000018   Code   RO          128    i.scheduler         os.o
    0x000011ec   0x00000074   Code   RO          340    i.setAddrWindow     st7735.o
    0x00001260   0x00000038   Code   RO          129    i.sleeper           os.o
    0x00001298   0x00000030   Code   RO          341    i.writecommand      st7735.o
    0x000012c8   0x00000020   Code   RO          342    i.writedata         st7735.o
    0x000012e8   0x000007e2   Data   RO          344    .constdata          st7735.o
    0x00001aca   0x00000002   PAD
    0x00001acc   0x00000020   Data   RO         1219    Region$$Table       anon$$obj.o


    Execution Region ER_RW (Base: 0x20000000, Size: 0x00000104, Max: 0xffffffff, ABSOLUTE)

    Base Addr    Size         Type   Attr      Idx    E Section Name        Object

    0x20000000   0x00000010   Data   RW           63    .data               adc.o
    0x20000010   0x0000001c   Data   RW          131    .data               os.o
    0x2000002c   0x00000030   Data   RW          345    .data               st7735.o
    0x2000005c   0x00000018   Data   RW          603    .data               uart.o
    0x20000074   0x00000090   Data   RW          776    .data               lab2.o


    Execution Region ER_ZI (Base: 0x20000104, Size: 0x000009c4, Max: 0xffffffff, ABSOLUTE)

    Base Addr    Size         Type   Attr      Idx    E Section Name        Object

    0x20000104   0x00000544   Zero   RW          130    .bss                os.o
    0x20000648   0x00000020   Zero   RW          602    .bss                uart.o
    0x20000668   0x00000060   Zero   RW         1096    .bss                c_w.l(libspace.o)
    0x200006c8   0x00000000   Zero   RW            2    HEAP                startup.o
    0x200006c8   0x00000400   Zero   RW            1    STACK               startup.o


==============================================================================

Image component sizes


      Code (inc. data)   RO Data    RW Data    ZI Data      Debug   Object Name

       132         36          0         16          0       1849   adc.o
       376         76          0        144          0       5744   lab2.o
       948         68          0         28       1348       6088   os.o
        80          8          0          0          0        204   osasm.o
       124          6          0          0          0        415   pll.o
      1304        144       2018         48          0      10001   st7735.o
       692        632          0          0       1024        908   startup.o
         0          0          0          0          0       4212   systick.o
       908        144          0         24         32       7192   uart.o

    ----------------------------------------------------------------------
      4568       1114       2052        260       2404      36613   Object Totals
         0          0         32          0          0          0   (incl. Generated)
         4          0          2          0          0          0   (incl. Padding)

    ----------------------------------------------------------------------

      Code (inc. data)   RO Data    RW Data    ZI Data      Debug   Library Member Name

         8          0          0          0          0         68   __main.o
        52          8          0          0          0          0   __scatter.o
        26          0          0          0          0          0   __scatter_copy.o
        28          0          0          0          0          0   __scatter_zi.o
        12          0          0          0          0         72   exit.o
         6          0          0          0          0        152   heapauxi.o
         0          0          0          0          0          0   indicate_semi.o
         2          0          0          0          0          0   libinit.o
         2          0          0          0          0          0   libinit2.o
         2          0          0          0          0          0   libshutdown.o
         2          0          0          0          0          0   libshutdown2.o
         8          4          0          0         96         68   libspace.o
         0          0          0          0          0          0   rtentry.o
        12          0          0          0          0          0   rtentry2.o
         6          0          0          0          0          0   rtentry4.o
         2          0          0          0          0          0   rtexit.o
        10          0          0          0          0          0   rtexit2.o
        12          4          0          0          0         68   sys_exit.o
        74          0          0          0          0         80   sys_stackheap_outer.o
         2          0          0          0          0         68   use_no_semi.o

    ----------------------------------------------------------------------
       272         16          0          0         96        576   Library Totals
         6          0          0          0          0          0   (incl. Padding)

    ----------------------------------------------------------------------

      Code (inc. data)   RO Data    RW Data    ZI Data      Debug   Library Name

       266         16          0          0         96        576   c_w.l

    ----------------------------------------------------------------------
       272         16          0          0         96        576   Library Totals

    ----------------------------------------------------------------------

==============================================================================


      Code (inc. data)   RO Data    RW Data    ZI Data      Debug   

      4840       1130       2052        260       2500      34745   Grand Totals
      4840       1130       2052        260       2500      34745   ELF Image Totals
      4840       1130       2052        260          0          0   ROM Totals

==============================================================================

    Total RO  Size (Code + RO Data)                 6892 (   6.73kB)
    Total RW  Size (RW Data + ZI Data)              2760 (   2.70kB)
    Total ROM Size (Code + RO Data + RW Data)       7152 (   6.98kB)

==============================================================================

